src/007_printf.php:3 PhanPluginPrintfNoArguments No format string arguments are given for "%s", consider using echo instead
src/007_printf.php:3 PhanPluginPrintfNonexistentArgument Format string "%s" refers to nonexistent argument #1 in "%s"
src/007_printf.php:4 PhanPluginPrintfNoArguments No format string arguments are given for "some literal", consider using echo instead
src/007_printf.php:6 PhanPluginPrintfNonexistentArgument Format string "%d dollars 100% down\n" refers to nonexistent argument #2 in "% d"
src/007_printf.php:6 PhanPluginPrintfNotPercent Format string "%d dollars 100% down\n" contains something that is not a percent sign, it will be treated as a format string '% d' with padding. Use %% for a literal percent sign, or '%2$ d' to be less ambiguous
src/007_printf.php:7 PhanPluginPrintfNoSpecifiers None of the formatting arguments passed alongside format string "Not using args" are used
src/007_printf.php:8 PhanPluginPrintfNoSpecifiers None of the formatting arguments passed alongside format string "Not using args\n" are used
src/007_printf.php:9 PhanPluginPrintfNoSpecifiers None of the formatting arguments passed alongside format string "Not using args\n" are used
src/007_printf.php:10 PhanPluginPrintfNoSpecifiers None of the formatting arguments passed alongside format string "Not using args\n" are used
src/007_printf.php:11 PhanPluginPrintfNoSpecifiers None of the formatting arguments passed alongside format string "Not using args\n" are used
src/007_printf.php:13 PhanTypeMismatchArgumentInternal Argument 1 (format) is array but \printf() takes string
src/007_printf.php:14 PhanPluginPrintfNoSpecifiers None of the formatting arguments passed alongside format string "3" are used
src/007_printf.php:14 PhanTypeMismatchArgumentInternal Argument 1 (format) is int but \printf() takes string
src/007_printf.php:16 PhanPluginPrintfNoArguments No format string arguments are given for "Hello world\n", consider using fwrite instead
src/007_printf.php:19 PhanPluginPrintfUnusedArgument Format string "Hello %10s" does not use provided argument #2
src/007_printf.php:20 PhanPluginPrintfNoArguments No format string arguments are given for "Hello %10s", consider using fwrite instead
src/007_printf.php:20 PhanPluginPrintfNonexistentArgument Format string "Hello %10s" refers to nonexistent argument #1 in "%10s"
src/007_printf.php:23 PhanPluginPrintfNoArguments No format string arguments are given for "%1$f dollars", consider using echo instead
src/007_printf.php:23 PhanPluginPrintfNonexistentArgument Format string "%1$f dollars" refers to nonexistent argument #1 in "%1$f"
src/007_printf.php:25 PhanPluginPrintfNoArguments No format string arguments are given for "%1$f dollars", consider using echo instead
src/007_printf.php:25 PhanPluginPrintfNonexistentArgument Format string "%1$f dollars" refers to nonexistent argument #1 in "%1$f"
src/007_printf.php:27 PhanPluginPrintfNoArguments No format string arguments are given for "%1$f dollars", consider using echo instead
src/007_printf.php:27 PhanPluginPrintfNonexistentArgument Format string "%1$f dollars" refers to nonexistent argument #1 in "%1$f"
src/007_printf.php:29 PhanPluginPrintfNoArguments No format string arguments are given for "%1$f dollars", consider using echo instead
src/007_printf.php:29 PhanPluginPrintfNonexistentArgument Format string "%1$f dollars" refers to nonexistent argument #1 in "%1$f"
src/007_printf.php:30 PhanPluginPrintfNoArguments No format string arguments are given for "%1$f separated dollars", consider using echo instead
src/007_printf.php:30 PhanPluginPrintfNonexistentArgument Format string "%1$f separated dollars" refers to nonexistent argument #1 in "%1$f"
src/007_printf.php:32 PhanPluginPrintfIncompatibleSpecifier Format string "%1$d == %1$s: %s" refers to argument #1 in different ways: %1$d,%1$s
src/007_printf.php:32 PhanPluginPrintfUnusedArgument Format string "%1$d == %1$s: %s" does not use provided argument #2
src/007_printf.php:33 PhanPluginPrintfIncompatibleArgumentTypeWeak Format string "%1s of %2s\n" refers to argument #1 as %1s, so type string is expected. However, printf was passed the type int (which is weaker than string)
src/007_printf.php:33 PhanPluginPrintfIncompatibleArgumentTypeWeak Format string "%1s of %2s\n" refers to argument #2 as %2s, so type string is expected. However, printf was passed the type int (which is weaker than string)
src/007_printf.php:34 PhanPluginPrintfIncompatibleArgumentTypeWeak Format string "%1s of %2s" refers to argument #1 as %1s, so type string is expected. However, printf was passed the type int (which is weaker than string)
src/007_printf.php:34 PhanPluginPrintfIncompatibleArgumentTypeWeak Format string "%1s of %2s" refers to argument #2 as %2s, so type string is expected. However, printf was passed the type int (which is weaker than string)
src/007_printf.php:36 PhanPluginPrintfNoArguments No format string arguments are given for "1", consider using echo instead
src/007_printf.php:36 PhanTypeMismatchArgumentInternal Argument 1 (format) is true but \printf() takes string
src/007_printf.php:37 PhanPluginPrintfNoArguments No format string arguments are given for "", consider using echo instead
src/007_printf.php:37 PhanTypeMismatchArgumentInternal Argument 1 (format) is false but \printf() takes string
src/007_printf.php:38 PhanPluginPrintfNoArguments No format string arguments are given for "", consider using echo instead
src/007_printf.php:38 PhanTypeMismatchArgumentInternal Argument 1 (format) is null but \printf() takes string
src/007_printf.php:39 PhanPluginPrintfNoArguments No format string arguments are given for "1", consider using echo instead
src/007_printf.php:39 PhanTypeMismatchArgumentInternal Argument 1 (format) is int but \printf() takes string
