src/039_loop_return.php:3 PhanPluginInconsistentReturnFunction Function \test_loop_var_return has no return type and will inconsistently return or not return
src/039_loop_return.php:11 PhanUnusedVariable Unused definition of variable $myUnusedVariable
src/039_loop_return.php:15 PhanPluginUseReturnValueKnown Expected to use the return value of the user-defined function/method \test_loop_var_return() defined at src/039_loop_return.php:3
