src/062_strict_function_checking.php:31 PhanParamTooFewInternal Call with 0 arg(s) to \strlen() which requires 1 arg(s)
src/062_strict_function_checking.php:33 PhanTypePossiblyInvalidCallable Saw type ?string which is possibly not a callable
src/062_strict_function_checking.php:34 PhanTypeInvalidCallable Saw type null which cannot be a callable
src/062_strict_function_checking.php:35 PhanTypePossiblyInvalidCallable Saw type callable|false which is possibly not a callable
src/062_strict_function_checking.php:36 PhanTypePossiblyInvalidCallable Saw type array<string,mixed>|string which is possibly not a callable
src/062_strict_function_checking.php:37 PhanTypeInvalidCallable Saw type array<string,mixed> which cannot be a callable
src/062_strict_function_checking.php:38 PhanTypePossiblyInvalidCallable Saw type null|string which is possibly not a callable
src/062_strict_function_checking.php:39 PhanTypePossiblyInvalidCallable Saw type int|string which is possibly not a callable
src/062_strict_function_checking.php:42 PhanTypeInvalidCallable Saw type array{key:string} which cannot be a callable
src/062_strict_function_checking.php:44 PhanTypeInvalidCallable Saw type 2 which cannot be a callable
src/062_strict_function_checking.php:45 PhanPluginUnreachableCode Unreachable statement detected
src/062_strict_function_checking.php:45 PhanTypeInvalidCallable Saw type 2.3 which cannot be a callable
