src/106_possibly_static_method_with_parent.php:4 PhanPluginPossiblyStaticPublicMethod Public method \PSMBase106::examplePublic can be static
src/106_possibly_static_method_with_parent.php:6 PhanPluginPossiblyStaticProtectedMethod Protected method \PSMBase106::exampleProtected can be static
src/106_possibly_static_method_with_parent.php:8 PhanPluginPossiblyStaticPrivateMethod Private method \PSMBase106::examplePrivate can be static
