src/173_duplicate_catch.php:7 PhanPluginDuplicateCatchStatementBody The implementation of catch(RuntimeException) and catch(Error) are identical and can be combined
src/173_duplicate_catch.php:12 PhanPluginInconsistentReturnFunction Function \test_unserialize has no return type and will inconsistently return or not return
src/173_duplicate_catch.php:16 PhanPluginDuplicateCatchStatementBody The implementation of catch(RuntimeException|InvalidArgumentException) and catch(ArgumentCountError) are identical and can be combined
src/173_duplicate_catch.php:17 PhanUnusedVariableDeclarationCaughtException Variable $_ for caught exception is declared as unused. Omit the variable instead.
src/173_duplicate_catch.php:18 PhanPluginDuplicateCatchStatementBody The implementation of catch(TypeError) and catch(Error) are identical and can be combined
src/173_duplicate_catch.php:18 PhanUnusedVariableDeclarationCaughtException Variable $_ for caught exception is declared as unused. Omit the variable instead.
