%s:10 PhanUnusedPublicNoOverrideMethodParameter Parameter $x is never used
%s:14 PhanTypeInvalidLeftOperandOfNumericOp Invalid operator: left operand of % is string (expected number)
%s:17 PhanParamTooFew Call with 0 arg(s) to Closure(array $x) which requires 1 arg(s) defined at %s:5
%s:17 PhanTypeMismatchArgumentInternal Argument 1 ($string) is $fn1() of type array but \strlen() takes string
%s:19 PhanParamTooMany Call with 1 arg(s) to Closure() : int which only takes 0 arg(s) defined at %s:6
%s:19 PhanTypeMismatchArgumentInternal Argument 1 ($string) is $fn2('extra') of type int but \strlen() takes string
%s:20 PhanTypeMismatchArgumentInternal Argument 1 ($string) is $fn3() of type \Generator|\Iterator|\Traversable|iterable but \strlen() takes string
%s:23 PhanTypeNonVarPassByRef Only variables can be passed by reference at argument 1 of Closure(&$x)
%s:26 PhanTypeMismatchArgumentInternal Argument 1 ($string) is $fn6('arg') of type list<mixed> but \strlen() takes string
%s:28 PhanTypeMismatchArgumentInternal Argument 1 ($numerator) is $fn('foooooooooooooooo') of type bool but \intdiv() takes int
%s:30 PhanNoopClosure Unused closure
%s:32 PhanUndeclaredVariable Variable $undef is undeclared
%s:36 PhanUnusedVariable Unused definition of variable $argUnused
%s:41 PhanTypeMismatchArgumentInternal Argument 1 ($string) is $fn() of type array{0:2} but \strlen() takes string
