%s:17 PhanParamTooFew Call with 0 arg(s) to \TypedProperties\A::__construct(?int $a, string $b, \TypedProperties\SubClass $c) which requires 3 arg(s) defined at %s:10
%s:18 PhanTypeMismatchArgumentInternal Argument 1 ($var) is ?int but \count() takes \Countable|\ResourceBundle|\SimpleXMLElement|array
%s:19 PhanTypeMismatchArgumentInternal Argument 1 ($var) is string but \count() takes \Countable|\ResourceBundle|\SimpleXMLElement|array
%s:20 PhanTypeMismatchArgumentInternal Argument 1 ($var) is \TypedProperties\A|\TypedProperties\SubClass but \count() takes \Countable|\ResourceBundle|\SimpleXMLElement|array
