%s:9 PhanTypeInvalidPropertyDefaultReal Default value for string $badNullable can't be null
%s:10 PhanTypeInvalidPropertyDefaultReal Default value for string $invalidFalseable can't be false
%s:11 PhanTypeInvalidPropertyDefaultReal Default value for int $invalidInt can't be 'foobar'
%s:12 PhanTypeInvalidPropertyDefaultReal Default value for string $invalidArray can't be array{}
%s:13 PhanTypeInvalidPropertyDefaultReal Default value for \stdClass $invalidDefaultObject can't be array{}
%s:14 PhanUndeclaredTypeProperty Property \TypedProperties\BadDefaultType->invalidClass has undeclared type \TypedProperties\MissingClass
