%s:8 PhanTypeMismatchArgumentInternal Argument 1 (string) is array{0:1,1:2,2:3,3:4,4:5} but \strlen() takes string
%s:9 PhanTypeMismatchArgumentInternal Argument 1 (string) is array{0:1,1:2} but \strlen() takes string
%s:10 PhanTypeMismatchArgumentInternal Argument 1 (string) is array{} but \strlen() takes string
