%s:6 PhanCompatibleUnparenthesizedTernary Unparenthesized 'a ? b : c ? d : e' is deprecated. Use either '(a ? b : c) ? d : e' or 'a ? b : (c ? d : e)'
%s:6 PhanImpossibleCondition Impossible attempt to cast (1 ? 0 : 1) of type 0 to truthy
%s:6 PhanRedundantCondition Redundant attempt to cast 1 of type 1 to truthy
%s:7 PhanCompatibleUnparenthesizedTernary Unparenthesized 'a ? b : c ? d : e' is deprecated. Use either '(a ? b : c) ? d : e' or 'a ? b : (c ? d : e)'
%s:8 PhanCompatibleUnparenthesizedTernary Unparenthesized 'a ? b : c ?: d' is deprecated. Use either '(a ? b : c) ?: d' or 'a ? b : (c ?: d)'
%s:8 PhanImpossibleCondition Impossible attempt to cast (1 ? 0 : 1) of type 0 to truthy
%s:8 PhanRedundantCondition Redundant attempt to cast 1 of type 1 to truthy
%s:9 PhanCompatibleUnparenthesizedTernary Unparenthesized 'a ? b : c ?: d' is deprecated. Use either '(a ? b : c) ?: d' or 'a ? b : (c ?: d)'
%s:10 PhanCompatibleUnparenthesizedTernary Unparenthesized 'a ?: b ? c : d' is deprecated. Use either '(a ?: b) ? c : d' or 'a ?: (b ? c : d)'
%s:11 PhanCompatibleUnparenthesizedTernary Unparenthesized 'a ?: b ? c : d' is deprecated. Use either '(a ?: b) ? c : d' or 'a ?: (b ? c : d)'
%s:11 PhanRedundantCondition Redundant attempt to cast (1 ?: 0) of type 1 to truthy
%s:11 PhanRedundantCondition Redundant attempt to cast 1 of type 1 to truthy
