%s:11 PhanPluginComparisonNotStrictForTruthyScalar Expected strict equality check when comparing string to 'value' in ($string_value == 'value')
%s:12 PhanPluginComparisonNotStrictForTruthyScalar Expected strict equality check when comparing 42 to int in (42 != $int_value)
%s:13 PhanPluginComparisonNotStrictForTruthyScalar Expected strict equality check when comparing ?string to 'value' in ($nullable_string_value == 'value')
%s:14 PhanPluginComparisonNotStrictForTruthyScalar Expected strict equality check when comparing 42 to ?int in (42 != $nullable_int_value)
%s:15 PhanPluginComparisonNotStrictForScalar Expected strict equality check when comparing mixed to 'value' in ($value == 'value')
%s:16 PhanPluginComparisonNotStrictForScalar Expected strict equality check when comparing string to '10' in ($string_value == '10')
%s:17 PhanPluginComparisonNotStrictForScalar Expected strict equality check when comparing mixed to '' in ($value == '')
%s:18 PhanPluginComparisonNotStrictForScalar Expected strict equality check when comparing mixed to '0' in ($value != '0')
%s:19 PhanPluginComparisonNotStrictForScalar Expected strict equality check when comparing 0 to mixed in (0 == $value)
%s:27 PhanPluginComparisonNotStrictForScalar Expected strict equality check when comparing mixed to '10' in ($value == '10')
%s:28 PhanPluginComparisonNotStrictForScalar Expected strict equality check when comparing mixed to '1e1' in ($value == '1e1')
%s:29 PhanPluginComparisonNotStrictForScalar Expected strict equality check when comparing mixed to '0.0' in ($value == '0.0')
%s:30 PhanPluginComparisonNotStrictForScalar Expected strict equality check when comparing mixed to ' 1' in ($value == ' 1')
%s:31 PhanPluginComparisonNotStrictForScalar Expected strict equality check when comparing int to '10' in ($int_value == '10')
%s:32 PhanPluginComparisonNotStrictForScalar Expected strict equality check when comparing string to 42 in ($string_value == 42)
%s:33 PhanPluginComparisonNotStrictForScalar Expected strict equality check when comparing bool to 'yes' in ($bool_value == 'yes')
%s:34 PhanPluginComparisonNotStrictForScalar Expected strict equality check when comparing mixed to 'a'|'b' in ($value == (C ? 'a' : 'b'))
