%s:5 PhanParamTooFew Call with 0 arg(s) to \test($arg1, $arg2, int|mixed $arg3 = 0) which requires 2 arg(s) defined at %s:2
%s:6 PhanParamTooFew Call with 1 arg(s) to \test($arg1, $arg2, int|mixed $arg3 = 0) which requires 2 arg(s) defined at %s:2
%s:9 PhanParamTooMany Call with 4 arg(s) to \test($arg1, $arg2, int|mixed $arg3 = 0) which only takes 3 arg(s) defined at %s:2
