%s:12 UndefError Static call to undeclared method \c::unknown
%s:13 ParamError Call with 0 arg(s) to \t::t1() which requires 1 arg(s) defined at %s:3
%s:14 ParamError Call with 3 arg(s) to \t::t1() which only takes 2 arg(s) defined at %s:3
%s:14 TypeError Argument 2 (arg2) is int but \t::t1() takes string defined at %s:3
%s:15 TypeError Argument 1 (arg1) is float but \t::t1() takes int defined at %s:3
