%s:8 TypeError assigning int to property but \a is string
%s:8 TypeError assigning string to property but \a is int
%s:12 TypeError assigning array to property but \a::text is int|string
%s:18 TypeError assigning string to property but \a::foo is array|null
%s:19 AvailError Missing property with name 'bar'
