%s:12 PhanIncompatibleCompositionConstant \RedefinePublic and \TraitPrivate define the same constant (VALUE) in the composition of \RedefinePublic. However, the definition differs and is considered incompatible. Class was composed in %s on line 12
%s:24 PhanIncompatibleCompositionConstant \RedefineDifferentValue and \TraitValue define the same constant (NUMBER) in the composition of \RedefineDifferentValue. However, the definition differs and is considered incompatible. Class was composed in %s on line 24
%s:41 PhanIncompatibleCompositionConstant \TraitA and \TraitB define the same constant (SHARED) in the composition of \UsesBothTraits. However, the definition differs and is considered incompatible. Class was composed in %s on line 41
%s:57 PhanIncompatibleCompositionConstant \ParentClass and \TraitSameConst define the same constant (PARENT_CONST) in the composition of \ChildUsesTrait. However, the definition differs and is considered incompatible. Class was composed in %s on line 57
%s:80 PhanIncompatibleCompositionConstant \MakePrivate and \TraitProtected define the same constant (PROT) in the composition of \MakePrivate. However, the definition differs and is considered incompatible. Class was composed in %s on line 80
%s:83 PhanConstantAccessSignatureMismatch Access level to private \MakePrivate::PROT must be compatible with protected \TraitProtected::PROT defined in %s:76
%s:93 PhanIncompatibleCompositionConstant \UseInt and \TraitString define the same constant (STR) in the composition of \UseInt. However, the definition differs and is considered incompatible. Class was composed in %s on line 93
