[2026-04-04T11:21:02.047Z] [INFO] Scheduled task: Full anatomy rescan (0 */6 * * *)
[2026-04-04T11:21:02.048Z] [INFO] Scheduled task: Consolidate old memory (0 2 * * *)
[2026-04-04T11:21:02.048Z] [INFO] Scheduled task: Token audit report (0 0 * * 1)
[2026-04-04T11:21:02.049Z] [INFO] Scheduled task: Cerebrum reflection (0 3 * * 0)
[2026-04-04T11:21:02.049Z] [INFO] Scheduled task: AI suggestions (0 4 * * 1)
[2026-04-04T11:21:02.050Z] [INFO] File watcher started on .wolf/
[2026-04-04T11:21:02.050Z] [INFO] OpenWolf daemon started
[2026-04-04T11:21:02.050Z] [INFO] Dashboard server listening on port 18791
[2026-04-04T11:21:02.217Z] [INFO] Scheduled task: Full anatomy rescan (0 */6 * * *)
[2026-04-04T11:21:02.218Z] [INFO] Scheduled task: Consolidate old memory (0 2 * * *)
[2026-04-04T11:21:02.218Z] [INFO] Scheduled task: Token audit report (0 0 * * 1)
[2026-04-04T11:21:02.219Z] [INFO] Scheduled task: Cerebrum reflection (0 3 * * 0)
[2026-04-04T11:21:02.219Z] [INFO] Scheduled task: AI suggestions (0 4 * * 1)
[2026-04-04T11:21:02.220Z] [INFO] File watcher started on .wolf/
[2026-04-04T11:21:02.220Z] [INFO] OpenWolf daemon started
[2026-04-04T11:21:02.220Z] [INFO] Dashboard server listening on port 18791
[2026-04-04T11:21:02.382Z] [INFO] Scheduled task: Full anatomy rescan (0 */6 * * *)
[2026-04-04T11:21:02.383Z] [INFO] Scheduled task: Consolidate old memory (0 2 * * *)
[2026-04-04T11:21:02.383Z] [INFO] Scheduled task: Token audit report (0 0 * * 1)
[2026-04-04T11:21:02.383Z] [INFO] Scheduled task: Cerebrum reflection (0 3 * * 0)
[2026-04-04T11:21:02.383Z] [INFO] Scheduled task: AI suggestions (0 4 * * 1)
[2026-04-04T11:21:02.384Z] [INFO] File watcher started on .wolf/
[2026-04-04T11:21:02.384Z] [INFO] OpenWolf daemon started
[2026-04-04T11:21:02.385Z] [INFO] Dashboard server listening on port 18791
[2026-04-04T11:21:02.549Z] [INFO] Scheduled task: Full anatomy rescan (0 */6 * * *)
[2026-04-04T11:21:02.550Z] [INFO] Scheduled task: Consolidate old memory (0 2 * * *)
[2026-04-04T11:21:02.550Z] [INFO] Scheduled task: Token audit report (0 0 * * 1)
[2026-04-04T11:21:02.550Z] [INFO] Scheduled task: Cerebrum reflection (0 3 * * 0)
[2026-04-04T11:21:02.550Z] [INFO] Scheduled task: AI suggestions (0 4 * * 1)
[2026-04-04T11:21:02.551Z] [INFO] File watcher started on .wolf/
[2026-04-04T11:21:02.551Z] [INFO] OpenWolf daemon started
[2026-04-04T11:21:02.552Z] [INFO] Dashboard server listening on port 18791
[2026-04-04T11:21:02.716Z] [INFO] Scheduled task: Full anatomy rescan (0 */6 * * *)
[2026-04-04T11:21:02.717Z] [INFO] Scheduled task: Consolidate old memory (0 2 * * *)
[2026-04-04T11:21:02.717Z] [INFO] Scheduled task: Token audit report (0 0 * * 1)
[2026-04-04T11:21:02.717Z] [INFO] Scheduled task: Cerebrum reflection (0 3 * * 0)
[2026-04-04T11:21:02.718Z] [INFO] Scheduled task: AI suggestions (0 4 * * 1)
[2026-04-04T11:21:02.718Z] [INFO] File watcher started on .wolf/
[2026-04-04T11:21:02.719Z] [INFO] OpenWolf daemon started
[2026-04-04T11:21:02.719Z] [INFO] Dashboard server listening on port 18791
[2026-04-04T11:21:02.882Z] [INFO] Scheduled task: Full anatomy rescan (0 */6 * * *)
[2026-04-04T11:21:02.883Z] [INFO] Scheduled task: Consolidate old memory (0 2 * * *)
[2026-04-04T11:21:02.883Z] [INFO] Scheduled task: Token audit report (0 0 * * 1)
[2026-04-04T11:21:02.883Z] [INFO] Scheduled task: Cerebrum reflection (0 3 * * 0)
[2026-04-04T11:21:02.883Z] [INFO] Scheduled task: AI suggestions (0 4 * * 1)
[2026-04-04T11:21:02.884Z] [INFO] File watcher started on .wolf/
[2026-04-04T11:21:02.885Z] [INFO] OpenWolf daemon started
[2026-04-04T11:21:02.885Z] [INFO] Dashboard server listening on port 18791
[2026-04-04T11:21:03.050Z] [INFO] Scheduled task: Full anatomy rescan (0 */6 * * *)
[2026-04-04T11:21:03.051Z] [INFO] Scheduled task: Consolidate old memory (0 2 * * *)
[2026-04-04T11:21:03.051Z] [INFO] Scheduled task: Token audit report (0 0 * * 1)
[2026-04-04T11:21:03.051Z] [INFO] Scheduled task: Cerebrum reflection (0 3 * * 0)
[2026-04-04T11:21:03.052Z] [INFO] Scheduled task: AI suggestions (0 4 * * 1)
[2026-04-04T11:21:03.052Z] [INFO] File watcher started on .wolf/
[2026-04-04T11:21:03.053Z] [INFO] OpenWolf daemon started
[2026-04-04T11:21:03.053Z] [INFO] Dashboard server listening on port 18791
[2026-04-04T11:21:03.220Z] [INFO] Scheduled task: Full anatomy rescan (0 */6 * * *)
[2026-04-04T11:21:03.221Z] [INFO] Scheduled task: Consolidate old memory (0 2 * * *)
[2026-04-04T11:21:03.221Z] [INFO] Scheduled task: Token audit report (0 0 * * 1)
[2026-04-04T11:21:03.221Z] [INFO] Scheduled task: Cerebrum reflection (0 3 * * 0)
[2026-04-04T11:21:03.221Z] [INFO] Scheduled task: AI suggestions (0 4 * * 1)
[2026-04-04T11:21:03.222Z] [INFO] File watcher started on .wolf/
[2026-04-04T11:21:03.223Z] [INFO] OpenWolf daemon started
[2026-04-04T11:21:03.223Z] [INFO] Dashboard server listening on port 18791
[2026-04-04T11:21:03.386Z] [INFO] Scheduled task: Full anatomy rescan (0 */6 * * *)
[2026-04-04T11:21:03.387Z] [INFO] Scheduled task: Consolidate old memory (0 2 * * *)
[2026-04-04T11:21:03.387Z] [INFO] Scheduled task: Token audit report (0 0 * * 1)
[2026-04-04T11:21:03.387Z] [INFO] Scheduled task: Cerebrum reflection (0 3 * * 0)
[2026-04-04T11:21:03.387Z] [INFO] Scheduled task: AI suggestions (0 4 * * 1)
[2026-04-04T11:21:03.388Z] [INFO] File watcher started on .wolf/
[2026-04-04T11:21:03.389Z] [INFO] OpenWolf daemon started
[2026-04-04T11:21:03.389Z] [INFO] Dashboard server listening on port 18791
[2026-04-04T11:21:03.552Z] [INFO] Scheduled task: Full anatomy rescan (0 */6 * * *)
[2026-04-04T11:21:03.553Z] [INFO] Scheduled task: Consolidate old memory (0 2 * * *)
[2026-04-04T11:21:03.553Z] [INFO] Scheduled task: Token audit report (0 0 * * 1)
[2026-04-04T11:21:03.553Z] [INFO] Scheduled task: Cerebrum reflection (0 3 * * 0)
[2026-04-04T11:21:03.554Z] [INFO] Scheduled task: AI suggestions (0 4 * * 1)
[2026-04-04T11:21:03.554Z] [INFO] File watcher started on .wolf/
[2026-04-04T11:21:03.555Z] [INFO] OpenWolf daemon started
[2026-04-04T11:21:03.555Z] [INFO] Dashboard server listening on port 18791
[2026-04-04T11:21:03.720Z] [INFO] Scheduled task: Full anatomy rescan (0 */6 * * *)
[2026-04-04T11:21:03.720Z] [INFO] Scheduled task: Consolidate old memory (0 2 * * *)
[2026-04-04T11:21:03.721Z] [INFO] Scheduled task: Token audit report (0 0 * * 1)
[2026-04-04T11:21:03.721Z] [INFO] Scheduled task: Cerebrum reflection (0 3 * * 0)
[2026-04-04T11:21:03.721Z] [INFO] Scheduled task: AI suggestions (0 4 * * 1)
[2026-04-04T11:21:03.722Z] [INFO] File watcher started on .wolf/
[2026-04-04T11:21:03.722Z] [INFO] OpenWolf daemon started
[2026-04-04T11:21:03.722Z] [INFO] Dashboard server listening on port 18791
[2026-04-04T11:21:03.889Z] [INFO] Scheduled task: Full anatomy rescan (0 */6 * * *)
[2026-04-04T11:21:03.890Z] [INFO] Scheduled task: Consolidate old memory (0 2 * * *)
[2026-04-04T11:21:03.890Z] [INFO] Scheduled task: Token audit report (0 0 * * 1)
[2026-04-04T11:21:03.890Z] [INFO] Scheduled task: Cerebrum reflection (0 3 * * 0)
[2026-04-04T11:21:03.890Z] [INFO] Scheduled task: AI suggestions (0 4 * * 1)
[2026-04-04T11:21:03.891Z] [INFO] File watcher started on .wolf/
[2026-04-04T11:21:03.891Z] [INFO] OpenWolf daemon started
[2026-04-04T11:21:03.892Z] [INFO] Dashboard server listening on port 18791
[2026-04-04T11:21:04.056Z] [INFO] Scheduled task: Full anatomy rescan (0 */6 * * *)
[2026-04-04T11:21:04.057Z] [INFO] Scheduled task: Consolidate old memory (0 2 * * *)
[2026-04-04T11:21:04.057Z] [INFO] Scheduled task: Token audit report (0 0 * * 1)
[2026-04-04T11:21:04.057Z] [INFO] Scheduled task: Cerebrum reflection (0 3 * * 0)
[2026-04-04T11:21:04.057Z] [INFO] Scheduled task: AI suggestions (0 4 * * 1)
[2026-04-04T11:21:04.058Z] [INFO] File watcher started on .wolf/
[2026-04-04T11:21:04.058Z] [INFO] OpenWolf daemon started
[2026-04-04T11:21:04.059Z] [INFO] Dashboard server listening on port 18791
[2026-04-04T11:21:04.220Z] [INFO] Scheduled task: Full anatomy rescan (0 */6 * * *)
[2026-04-04T11:21:04.221Z] [INFO] Scheduled task: Consolidate old memory (0 2 * * *)
[2026-04-04T11:21:04.221Z] [INFO] Scheduled task: Token audit report (0 0 * * 1)
[2026-04-04T11:21:04.222Z] [INFO] Scheduled task: Cerebrum reflection (0 3 * * 0)
[2026-04-04T11:21:04.222Z] [INFO] Scheduled task: AI suggestions (0 4 * * 1)
[2026-04-04T11:21:04.223Z] [INFO] File watcher started on .wolf/
[2026-04-04T11:21:04.223Z] [INFO] OpenWolf daemon started
[2026-04-04T11:21:04.223Z] [INFO] Dashboard server listening on port 18791
[2026-04-04T11:21:04.384Z] [INFO] Scheduled task: Full anatomy rescan (0 */6 * * *)
[2026-04-04T11:21:04.385Z] [INFO] Scheduled task: Consolidate old memory (0 2 * * *)
[2026-04-04T11:21:04.386Z] [INFO] Scheduled task: Token audit report (0 0 * * 1)
[2026-04-04T11:21:04.386Z] [INFO] Scheduled task: Cerebrum reflection (0 3 * * 0)
[2026-04-04T11:21:04.386Z] [INFO] Scheduled task: AI suggestions (0 4 * * 1)
[2026-04-04T11:21:04.387Z] [INFO] File watcher started on .wolf/
[2026-04-04T11:21:04.387Z] [INFO] OpenWolf daemon started
[2026-04-04T11:21:04.387Z] [INFO] Dashboard server listening on port 18791
[2026-04-04T11:21:04.551Z] [INFO] Scheduled task: Full anatomy rescan (0 */6 * * *)
[2026-04-04T11:21:04.552Z] [INFO] Scheduled task: Consolidate old memory (0 2 * * *)
[2026-04-04T11:21:04.552Z] [INFO] Scheduled task: Token audit report (0 0 * * 1)
[2026-04-04T11:21:04.552Z] [INFO] Scheduled task: Cerebrum reflection (0 3 * * 0)
[2026-04-04T11:21:04.552Z] [INFO] Scheduled task: AI suggestions (0 4 * * 1)
[2026-04-04T11:21:04.553Z] [INFO] File watcher started on .wolf/
[2026-04-04T11:21:04.554Z] [INFO] OpenWolf daemon started
[2026-04-04T11:21:04.554Z] [INFO] Dashboard server listening on port 18791
