%s:21 PhanWriteOnlyPublicProperty Possibly zero read references to public property \Bug5491\WithFunctionInHook->value
%s:31 PhanWriteOnlyPublicProperty Possibly zero read references to public property \Bug5491\WithSetHookAndDefault->value
%s:49 PhanWriteOnlyPublicProperty Possibly zero read references to public property \Bug5491\WithWidenedSetHook->someValue
%s:59 PhanWriteOnlyPublicProperty Possibly zero read references to public property \Bug5491\WithNarrowingSetHook->strict
%s:65 PhanTypeMismatchPropertyReal Assigning 'not an int' of type string to property but \Bug5491\WithNarrowingSetHook->strict is int
%s:75 PhanTypeMismatchPropertyReal Assigning [] of type array{} to property but \Bug5491\WithWidenedSetHook->someValue is int|string
