%s:3 PhanParamTooFewInternal Call with 0 arg(s) to \base64_decode(string $string, bool $strict = false) which requires 1 arg(s)
%s:4 PhanParamTooFewInternal Call with 0 arg(s) to \trigger_error(string $message, int $error_level = 1024) which requires 1 arg(s)
%s:5 PhanParamTooFewInternal Call with 0 arg(s) to \Closure::bind(\Closure $old, ?object $to, object|string $scope = 'static') which requires 2 arg(s)
