%s:2 PhanPluginUnknownArrayFunctionReturnType Function \test26() has a return type of array, but does not specify key or value types
%s:2 PhanUnreferencedFunction Possibly zero references to function \test26()
%s:4 PhanCompatibleNullsafeOperator Cannot use nullsafe operator before php 8.0 in $x?->invalidMethod()
%s:4 PhanNonClassMethodCall Call to method invalidMethod on non-class type null
%s:6 PhanCompatibleNullsafeOperator Cannot use nullsafe operator before php 8.0 in $str?->length()
%s:6 PhanNonClassMethodCall Call to method length on non-class type string
%s:8 PhanCompatibleNullsafeOperator Cannot use nullsafe operator before php 8.0 in $a?->offsetGet(1)
%s:10 PhanCompatibleNullsafeOperator Cannot use nullsafe operator before php 8.0 in $ao?->undeclaredMethod()
%s:10 PhanUndeclaredMethod Call to undeclared method \ArrayObject::undeclaredMethod
%s:11 PhanCompatibleNullsafeOperator Cannot use nullsafe operator before php 8.0 in $ao?->count()
%s:11 PhanTypeMismatchReturn Returning $ao?->count() of type ?int but test26() is declared to return array
