%s:9 PhanCompatibleConstructorPropertyPromotion Cannot use constructor property promotion before php 8.0 for public array<string,int> $foo of \Test37::__construct(array<string,int> $foo)
%s:11 PhanDebugAnnotation @phan-debug-var requested for variable $x - it has union type array<string,int>(real=array)
%s:11 PhanTypeMismatchArgument Argument 1 ($foo) is ['key'=>'value'] of type array{key:'value'} but \Test37::__construct() takes array<string,int> defined at %s:9
%s:16 PhanCompatibleConstructorPropertyPromotion Cannot use constructor property promotion before php 8.0 for public int|string $arg = 1 of \Invalid37::__construct(int|string $arg = 1)
%s:16 PhanTypeMismatchDefault Default value for string $arg can't be int
%s:16 PhanTypeMismatchPropertyDefaultReal Default value for string $arg can't be 1 of type int
%s:16 PhanWriteOnlyPublicProperty Possibly zero read references to public property \Invalid37->arg
