<?php
for ($i = 0 ; $i < 10; $i++) {
    if ($i > 7) {
        break;
    } else {
        if ($i % 2 === 1) {
            continue;
        } else {
            echo "$i\n";
            if (FOO) {
                exit(1);
            } else if (BAR) {
                return;
            }
        }
    }
}
