%s_a.php:2 PhanRedefineClass Class \C defined at %s_a.php:2 was previously defined as Class \C at %s_b.php:2
%s_a.php:4 PhanRedefinedClassReference Saw reference to \C declared at %s_a.php:2 which is also declared at %s_b.php:2. This may lead to confusing errors. It may be possible to exclude the class that isn't used with exclude_file_list. In addition to normal ways to suppress issues, this issue type can be suppressed on either of the class definitions if it is impractical to exclude one file.
%s_b.php:2 PhanRedefineClass Class \C defined at %s_b.php:2 was previously defined as Class \C at %s_a.php:2
%s_b.php:4 PhanRedefinedClassReference Saw reference to \C declared at %s_b.php:2 which is also declared at %s_a.php:2. This may lead to confusing errors. It may be possible to exclude the class that isn't used with exclude_file_list. In addition to normal ways to suppress issues, this issue type can be suppressed on either of the class definitions if it is impractical to exclude one file.
