src/001_missing_variable_check.php:3 PhanTypeMismatchArgumentInternal Argument 1 ($string) is rand(0, 2) of type int but \strlen() takes string
src/001_missing_variable_check.php:4 PhanSyntaxError syntax error, unexpected ';' (at column 10)
src/001_missing_variable_check.php:5 PhanTypeConversionFromArray array to string conversion
src/001_missing_variable_check.php:5 PhanTypeMismatchArgumentInternalProbablyReal Argument 1 ($array) is $a of type int but \array_values() takes array
