src/076_pipe.php:3 PhanNoopConstant Unused constant
src/076_pipe.php:3 PhanNoopVariable Unused variable
src/076_pipe.php:3 PhanSyntaxError syntax error, unexpected token "|", expecting variable (at column 12)
src/076_pipe.php:3 PhanUndeclaredConstant Reference to undeclared constant \string. This will cause a thrown Error in php 8.0+. (Did you mean \STDIN or \T_STRING)
