src/002_duplicate.php:4 PhanRedefineClass Class \NS2\IsDuplicate defined at src/002_duplicate.php:4 was previously defined as Class \NS2\IsDuplicate at src/002_duplicate.php:8
src/002_duplicate.php:8 PhanRedefineClass Class \NS2\IsDuplicate defined at src/002_duplicate.php:8 was previously defined as Class \NS2\IsDuplicate at src/002_duplicate.php:4
src/002_duplicate.php:12 PhanRedefinedClassReference Saw reference to \NS2\IsDuplicate declared at src/002_duplicate.php:4 which is also declared at src/002_duplicate.php:8. This may lead to confusing errors. It may be possible to exclude the class that isn't used with exclude_file_list. In addition to normal ways to suppress issues, this issue type can be suppressed on either of the class definitions if it is impractical to exclude one file.
src/002_duplicate.php:13 PhanRedefinedClassReference Saw reference to \NS2\IsDuplicate declared at src/002_duplicate.php:4 which is also declared at src/002_duplicate.php:8. This may lead to confusing errors. It may be possible to exclude the class that isn't used with exclude_file_list. In addition to normal ways to suppress issues, this issue type can be suppressed on either of the class definitions if it is impractical to exclude one file.
src/002_duplicate.php:13 PhanUndeclaredConstantOfClass Reference to undeclared class constant \NS2\IsDuplicate::MISSING
