<-----------> Callsites <----------->
\A::foo|const|src/001_phound_callsites.php:10
\A::foo|prop|src/001_phound_callsites.php:11
\A::fooz|prop|src/001_phound_callsites.php:12
\A::foo|method|src/001_phound_callsites.php:13
\A::bar|method|src/001_phound_callsites.php:14
\B::__construct|method|src/001_phound_callsites.php:19
\C::__construct|method|src/001_phound_callsites.php:21
\A::getBOrC|method|src/001_phound_callsites.php:34
\B::foo|method|src/001_phound_callsites.php:35
\C::foo|method|src/001_phound_callsites.php:35
\B::bar|prop|src/001_phound_callsites.php:36
\C::bar|prop|src/001_phound_callsites.php:36
\A::getBOrCClassName|method|src/001_phound_callsites.php:38
\B::zoo|method|src/001_phound_callsites.php:39
\C::zoo|method|src/001_phound_callsites.php:39
\B::baz|prop|src/001_phound_callsites.php:40
\C::baz|prop|src/001_phound_callsites.php:40
\B::BOO|const|src/001_phound_callsites.php:41
\C::BOO|const|src/001_phound_callsites.php:41
\TestConstructor::__construct|method|src/001_phound_callsites.php:71
\A::__construct|method|src/001_phound_callsites.php:75
\A::foo|method|src/001_phound_callsites.php:76
\A::bar|method|src/001_phound_callsites.php:77
\A::foo|method|src/001_phound_callsites.php:79
\A::getBOrC|method|src/001_phound_callsites.php:80
\B::foo|method|src/001_phound_callsites.php:80
\C::foo|method|src/001_phound_callsites.php:80
\A::bar|method|src/001_phound_callsites.php:81
\A::baz|method|src/001_phound_callsites.php:82
\A::__construct|method|src/001_phound_callsites.php:86
\A::bar|method|src/001_phound_callsites.php:86
\A::getBOrCClassName|method|src/001_phound_callsites.php:88
\B::__construct|method|src/001_phound_callsites.php:89
\B::foo|method|src/001_phound_callsites.php:89
\C::__construct|method|src/001_phound_callsites.php:89
\C::foo|method|src/001_phound_callsites.php:89
\A::foo|method|src/001_phound_callsites.php:91
\Closure::fromCallable|method|src/001_phound_callsites.php:91
\A::getBOrC|method|src/001_phound_callsites.php:94
\B::foo|method|src/001_phound_callsites.php:94
\C::foo|method|src/001_phound_callsites.php:94
\Closure::fromCallable|method|src/001_phound_callsites.php:94
\A::getBOrC|method|src/001_phound_callsites.php:97
\B::methodOnlyDefinedInB|method|src/001_phound_callsites.php:99
\B::prop_only_public_in_b|prop|src/001_phound_callsites.php:100
