%s:5 PhanUnreferencedClass Possibly zero references to class \NS007\Foo
%s:6 PhanUnreferencedClosure Possibly zero references to Closure()
%s:6 PhanUnreferencedPublicClassConstant Possibly zero references to public class constant \NS007\Foo::BAR
%s:10 PhanPluginUnknownClosureReturnType Closure Closure() has no declared or inferred return type (Types inferred after analysis: string)
%s:10 PhanUnreferencedClosure Possibly zero references to Closure()
%s:10 PhanUnreferencedPublicClassConstant Possibly zero references to public class constant \NS007\Foo::BAZ
%s:13 PhanPluginUnknownClosureReturnType Closure Closure() has no declared or inferred return type (Types inferred after analysis: int)
%s:13 PhanUnreferencedClosure Possibly zero references to Closure()
%s:13 PhanUnreferencedConstant Possibly zero references to global constant \NS007\MY_CLOSURE
%s:17 PhanEmptyFunction Empty function \NS007\test()
%s:17 PhanPluginUnknownClosureReturnType Closure Closure() has no declared or inferred return type (Types inferred after analysis: null)
%s:17 PhanPluginUseReturnValueNoopVoid The function/method \NS007\test() is declared to return void and it has no side effects
%s:17 PhanUnreferencedClosure Possibly zero references to Closure()
%s:17 PhanUnreferencedFunction Possibly zero references to function \NS007\test()
%s:17 PhanUnusedGlobalFunctionParameter Parameter $fn is never used
