%s:8 PhanUndeclaredConstant Reference to undeclared constant \this
%s:13 PhanTypeMismatchReturn Returning type 42 but g() is declared to return \C
%s:18 PhanTypeMismatchReturn Returning type 41 but h() is declared to return \C
%s:22 PhanTypeSuspiciousEcho Suspicious argument \C for an echo/print statement
