%s:28 PhanTypeMismatchArgumentProbablyReal Argument 1 ($p) is 'string' of type string but \C2::__construct() takes int (no real type) defined at %s:23 (the inferred real argument type has nothing in common with the parameter's phpdoc type)
%s:28 PhanTypeMismatchArgument Argument 1 ($p) is new C2('string')->p of type int but \f() takes bool defined at %s:3
%s:30 PhanGenericMissingParameters Class \C3 must substitute all 1 template parameters when inheriting \C1 (found 0) defined at %s:8 (use @extends or @inherit)
%s:55 PhanTypeMismatchArgument Argument 1 ($p) is new C4(42)->p of type int (value: 42) but \f() takes bool defined at %s:3
%s:57 PhanTypeMismatchArgument Argument 1 ($p) is new C4(42)->get() of type int (value: 42) but \f() takes bool defined at %s:3
%s:62 PhanUndeclaredExtendedClass Class extends undeclared class \NotFound
%s:65 PhanUndeclaredClass Reference to undeclared class \NotFound
%s:74 PhanUndeclaredTypeParameter Parameter $p has undeclared type \NotFound
