%s:5 PhanTypeMismatchArgumentInternal Argument 1 ($string) is $_POST of type array<string,string>|array<string,string[]> but \strlen() takes string
%s:10 PhanTypeMismatchArgumentInternal Argument 1 ($string) is $argv of type list<string> but \strlen() takes string
%s:12 PhanTypeMismatchArgumentInternal Argument 1 ($numerator) is $argv[0] of type string but \intdiv() takes int
%s:13 PhanTypeMismatchArgumentInternal Argument 1 ($string) is $_COOKIE of type array<string,string>|array<string,string[]> but \strlen() takes string
%s:15 PhanTypeMismatchArgumentInternal Argument 1 ($string) is $_REQUEST of type array<string,string>|array<string,string[]> but \strlen() takes string
%s:19 PhanTypeMismatchArgumentInternalProbablyReal Argument 1 ($var) is $_SERVER of type 'foo' but \count() takes \Countable|\ResourceBundle|\SimpleXMLElement|array
%s:20 PhanTypeMismatchArgumentInternal Argument 1 ($string) is $_ENV of type array<string,string> but \strlen() takes string
%s:22 PhanTypeMismatchArgumentInternal Argument 1 ($var) is $_ENV['HOME'] of type string but \count() takes \Countable|\ResourceBundle|\SimpleXMLElement|array
%s:27 PhanTypeMismatchArgumentInternal Argument 1 ($string) is $GLOBALS of type array<string,mixed> but \strlen() takes string
%s:34 PhanTypeMismatchArgumentInternal Argument 1 ($string) is $_FILES['bar.txt'] of type array<string,int>|array<string,list<int>>|array<string,list<string>>|array<string,string> but \strlen() takes string
%s:37 PhanTypeMismatchArgumentInternal Argument 1 ($numerator) is $_FILES['bar.txt'] of type array<string,int>|array<string,list<int>>|array<string,list<string>>|array<string,string> but \intdiv() takes int
%s:40 PhanTypeMismatchArgumentInternal Argument 1 ($string) is $http_response_header of type list<string>|null but \strlen() takes string
%s:41 PhanTypeArraySuspiciousNullable Suspicious array access to nullable list<string>|null
%s:43 PhanUnusedVariable Unused definition of variable $http_response_headers (Did you mean $http_response_header)
%s:49 PhanUndeclaredVariable Variable $argc is undeclared (Did you mean (global $argc))
%s:50 PhanUndeclaredVariable Variable $argv is undeclared (Did you mean (global $argv))
