%s:5 PhanTypeMismatchReturn Returning type 1 but Closure() : \Generator is declared to return \Generator
%s:9 PhanTypeMismatchReturn Returning type 1 but Closure() : \Iterator is declared to return \Iterator
%s:13 PhanTypeMismatchReturn Returning type 1 but Closure() : \Traversable is declared to return \Traversable
%s:17 PhanTypeMismatchReturn Returning type \Generator but Closure() is declared to return int
