%s:3 PhanTypeMismatchDeclaredReturn Doc-block of f1 contains declared return type string which is incompatible with the return type int declared in the signature
%s:20 PhanTypeMismatchDeclaredReturn Doc-block of a5 contains declared return type iterable which is incompatible with the return type array declared in the signature
%s:32 PhanTypeMismatchDeclaredReturn Doc-block of a8 contains declared return type string which is incompatible with the return type iterable declared in the signature
%s:41 PhanTypeMismatchDeclaredReturn Doc-block of a10 contains declared return type ?int which is incompatible with the return type int declared in the signature
%s:46 PhanTypeMismatchDeclaredReturnNullable Doc-block of a11 has declared return type int which is not a permitted replacement of the nullable return type ?int declared in the signature ('?T' should be documented as 'T|null' or '?T')
%s:56 PhanTypeMismatchDeclaredReturn Doc-block of f6 contains declared return type \C253_1 which is incompatible with the return type \C253_2 declared in the signature
%s:60 PhanTypeMismatchDeclaredReturn Doc-block of f7 contains declared return type \C253_1 which is incompatible with the return type \C253_2 declared in the signature
%s:68 PhanTypeMismatchDeclaredReturn Doc-block of h4 contains declared return type static which is incompatible with the return type iterable declared in the signature
