%s:8 PhanTypeMismatchArgument Argument 1 ($x) is 'default'|string but \expects_nullable_int266() takes ?int defined at %s:3
%s:9 PhanTypeMismatchArgument Argument 1 ($x) is ?string but \expects_nullable_int266() takes ?int defined at %s:3
%s:10 PhanCoalescingAlwaysNull Using null of type null as the left hand side of a null coalescing (??) operation. The left hand side may be unnecessary.
%s:11 PhanCoalescingAlwaysNull Using null of type null as the left hand side of a null coalescing (??) operation. The left hand side may be unnecessary.
%s:11 PhanTypeMismatchArgument Argument 1 ($x) is ?string but \expects_nullable_int266() takes ?int defined at %s:3
