%s:23 PhanUndeclaredThis Variable $this is undeclared (Did you mean (function instead of static function for __callStatic() at line 17))
%s:32 PhanTypeMismatchArgumentProbablyReal Argument 1 ($arg) is 'str' of type 'str' but \Magic282::instanceMethod() takes ?int (no real type) defined at %s:4 (the inferred real argument type has nothing in common with the parameter's phpdoc type)
%s:33 PhanUndeclaredMethod Call to undeclared method \Magic282::missingMethod
%s:34 PhanParamTooFew Call with 0 arg(s) to \Magic282::instanceMethod(?int $arg) which requires 1 arg(s) defined at %s:4
%s:35 PhanTypeMismatchArgumentInternal Argument 1 ($num1) is $v of type array but \intdiv() takes int
%s:37 PhanTypeMismatchArgument Argument 1 ($arg) is 22 of type 22 but \Magic282::static_method() takes string defined at %s:6
%s:39 PhanTypeMismatchArgumentInternal Argument 1 ($num1) is $s of type string but \intdiv() takes int
%s:41 PhanUndeclaredStaticMethod Static call to undeclared method \Magic282::undeclared_magic_static_method
%s:43 PhanTypeMismatchArgumentInternal Argument 1 ($num1) is $m2 of type \Magic282 but \intdiv() takes int
