%s:13 PhanUnusedVariable Unused definition of variable $args
%s:18 PhanUnusedVariable Unused definition of variable $args
%s:28 PhanTypeMismatchArgumentProbablyReal Argument 1 ($x) is 'incompatible' of type 'incompatible' but \C::fn2() takes int (no real type) defined at %s:17 (the inferred real argument type has nothing in common with the parameter's phpdoc type)
