%s:4 PhanTypeMismatchArgumentInternal Argument 1 ($object_or_class) is $x of type int but \is_a() takes object|string
%s:5 PhanTypeMismatchArgumentInternal%SReal Argument 1 ($num1) is $x of type \stdClass but \intdiv() takes int
%s:7 PhanTypeMismatchArgumentInternal Argument 1 ($object_or_class) is $y of type int but \is_a() takes object|string
%s:8 PhanTypeMismatchArgumentInternal%SReal Argument 1 ($num1) is $y of type \stdClass but \intdiv() takes int
%s:10 PhanTypeComparisonToInvalidClass Saw code asserting that an expression has a class, but that class is an invalid/impossible FQSEN ''
%s:11 PhanTypeComparisonToInvalidClass Saw code asserting that an expression has a class, but that class is an invalid/impossible FQSEN '\\'
%s:12 PhanTypeSuspiciousEcho Suspicious argument $y of type \stdClass for an echo/print statement
%s:13 PhanTypeSuspiciousEcho Suspicious argument $y of type \ArrayObject for an echo/print statement
%s:14 PhanTypeComparisonToInvalidClass Saw code asserting that an expression has a class, but that class is an invalid/impossible FQSEN '\\\\stdClass'
%s:17 PhanTypeMismatchArgumentInternal%SReal Argument 1 ($num1) is $z of type object but \intdiv() takes int
%s:21 PhanDebugAnnotation @phan-debug-var requested for variable $a - it has union type 'A'(real='A')
%s:26 PhanDebugAnnotation @phan-debug-var requested for variable $b - it has union type \ArrayObject(real=\ArrayObject)
%s:30 PhanDebugAnnotation @phan-debug-var requested for variable $untypedParameter - it has union type (empty union type)
%s:34 PhanParamTooFew Call with 3 arg(s) to \test305($x, $y, $z, $w, $className, $untypedParameter) which requires 6 arg(s) defined at %s:3
