%s:3 PhanUndeclaredVariable Variable $cond is undeclared
%s:3 PhanUnusedVariable Unused definition of variable $x
%s:5 PhanUndeclaredVariable Variable $undef is undeclared
%s:6 PhanUndeclaredVariable Variable $undefB is undeclared
%s:6 PhanUnusedVariable Unused definition of variable $y
%s:8 PhanUndeclaredGlobalVariable Global variable $cond321 is undeclared
%s:10 PhanUndeclaredGlobalVariable Global variable $undef321 is undeclared
%s:11 PhanUndeclaredGlobalVariable Global variable $undefB321 is undeclared
