%s:4 PhanTypeNonVarPassByRef Only variables can be passed by reference at argument 1 of \sort(array &$array, int $flags = 0)
%s:6 PhanTypeMismatchArgumentInternalReal Argument 1 ($array) is $x of type int (value: 2) but \sort() takes array
%s:8 PhanTypeMismatchArgumentInternalReal Argument 1 ($array) is $z of type string but \array_shift() takes array
%s:8 PhanUnusedVariable Unused definition of variable $y
