%s:4 PhanTypeMismatchReturn Returning type \stdClass but f333() is declared to return int
%s:6 PhanTypeMismatchArgument Argument 1 (arg) is string but \closure_%s() takes int defined at %s:4
%s:14 PhanParamTooFew Call with 0 arg(s) to \closure_%s() which requires 1 arg(s) defined at %s:11
%s:15 PhanTypeMismatchReturn Returning type \stdClass but g333() is declared to return int
