%s:2 PhanContextNotObject Cannot access parent when not in object context
%s:2 PhanContextNotObject Cannot access static when not in object context
%s:3 PhanContextNotObject Cannot access parent when not in object context
%s:4 PhanContextNotObject Cannot access self when not in object context
%s:5 PhanContextNotObject Cannot access static when not in object context
%s:6 PhanContextNotObject Cannot access parent when not in object context
%s:7 PhanContextNotObject Cannot access self when not in object context
%s:8 PhanContextNotObject Cannot access static when not in object context
%s:9 PhanContextNotObject Cannot access parent when not in object context
%s:10 PhanContextNotObject Cannot access self when not in object context
%s:11 PhanContextNotObject Cannot access static when not in object context
%s:12 PhanContextNotObject Cannot access self when not in object context
%s:13 PhanContextNotObject Cannot access parent when not in object context
%s:14 PhanContextNotObject Cannot access static when not in object context
%s:15 PhanContextNotObject Cannot access self when not in object context
%s:16 PhanContextNotObject Cannot access static when not in object context
%s:17 PhanContextNotObject Cannot access parent when not in object context
%s:18 PhanContextNotObject Cannot access self when not in object context
