%s:4 PhanTypeMismatchReturn Returning $x of type string but foo340() is declared to return int
%s:8 PhanTypeMismatchReturnReal Returning $z of type array but foo340b() is declared to return int
%s:8 PhanTypeMismatchReturn Returning ($y === true) of type true but foo340b() is declared to return int
%s:12 PhanTypeMismatchReturn Returning $x of type string but foo() is declared to return int
