%s:11 PhanUnusedVariable Unused definition of variable $z
%s:15 PhanTypeMismatchArgumentInternal Argument 1 ($string) is $y of type int but \strlen() takes string
%s:17 PhanTypeMismatchArgumentInternal Argument 1 ($num1) is $y of type string but \intdiv() takes int
%s:23 PhanTypeMismatchArgumentInternal%SReal Argument 1 ($num1) is $x of type null but \intdiv() takes int
%s:27 PhanTypeMismatchArgumentInternal Argument 1 ($string) is $x of type int but \strlen() takes string
%s:33 PhanTypeMismatchArgumentNullableInternal Argument 1 ($num1) is $x of type ?0 but \intdiv() takes int (expected type to be non-nullable)
%s:35 PhanTypeMismatchArgumentInternal Argument 1 ($string) is $x of type non-zero-int but \strlen() takes string
%s:44 PhanTypeMismatchArgumentInternal Argument 1 ($num1) is $x of type string but \intdiv() takes int
%s:45 PhanTypeMismatchArgumentInternal Argument 1 ($string) is $x of type int but \strlen() takes string
%s:52 PhanNoopTernary Unused result of a ternary expression where the true/false results don't seem to have side effects
%s:53 PhanTypeMismatchArgumentInternal Argument 1 ($num1) is $x of type string but \intdiv() takes int
%s:54 PhanTypeMismatchArgumentInternal Argument 1 ($string) is $x of type int but \strlen() takes string
