./tests/files/src/0341_negated_condition_visitor.php:15 PhanTypeMismatchArgumentInternal Argument 1 (string) is int but \strlen() takes string
./tests/files/src/0341_negated_condition_visitor.php:17 PhanTypeMismatchArgumentInternal Argument 1 (numerator) is string but \intdiv() takes int
./tests/files/src/0341_negated_condition_visitor.php:23 PhanTypeMismatchArgumentInternal Argument 1 (numerator) is null but \intdiv() takes int
./tests/files/src/0341_negated_condition_visitor.php:27 PhanTypeMismatchArgumentInternal Argument 1 (string) is int but \strlen() takes string
./tests/files/src/0341_negated_condition_visitor.php:33 PhanTypeMismatchArgumentInternal Argument 1 (numerator) is ?int but \intdiv() takes int
./tests/files/src/0341_negated_condition_visitor.php:44 PhanTypeMismatchArgumentInternal Argument 1 (numerator) is string but \intdiv() takes int
./tests/files/src/0341_negated_condition_visitor.php:45 PhanTypeMismatchArgumentInternal Argument 1 (string) is int but \strlen() takes string
./tests/files/src/0341_negated_condition_visitor.php:53 PhanTypeMismatchArgumentInternal Argument 1 (numerator) is string but \intdiv() takes int
./tests/files/src/0341_negated_condition_visitor.php:54 PhanTypeMismatchArgumentInternal Argument 1 (string) is int but \strlen() takes string
