%s:8 PhanTypeMismatchArgument Argument 1 (x) is false|float but \p364() takes \stdClass defined at %s:45
%s:9 PhanTypeMismatchArgument Argument 1 (x) is false|float but \p364() takes \stdClass defined at %s:45
%s:10 PhanTypeMismatchArgument Argument 1 (x) is false|float but \p364() takes \stdClass defined at %s:45
%s:11 PhanTypeMismatchArgument Argument 1 (x) is false|float but \p364() takes \stdClass defined at %s:45
%s:13 PhanTypeMismatchArgument Argument 1 (x) is false|float but \p364() takes \stdClass defined at %s:45
%s:14 PhanTypeMismatchArgument Argument 1 (x) is false|float but \p364() takes \stdClass defined at %s:45
%s:16 PhanTypeMismatchArgument Argument 1 (x) is false|float but \p364() takes \stdClass defined at %s:45
%s:17 PhanTypeMismatchArgument Argument 1 (x) is false|float but \p364() takes \stdClass defined at %s:45
%s:18 PhanTypeMismatchArgument Argument 1 (x) is int[] but \p364() takes \stdClass defined at %s:45
%s:19 PhanTypeMismatchArgument Argument 1 (x) is \stdClass[] but \p364() takes \stdClass defined at %s:45
%s:20 PhanTypeMismatchArgument Argument 1 (x) is int[][] but \p364() takes \stdClass defined at %s:45
%s:21 PhanTypeMismatchArgument Argument 1 (x) is string[] but \p364() takes \stdClass defined at %s:45
%s:22 PhanTypeMismatchArgument Argument 1 (x) is int[] but \p364() takes \stdClass defined at %s:45
%s:23 PhanTypeMismatchArgument Argument 1 (x) is float[] but \p364() takes \stdClass defined at %s:45
%s:24 PhanTypeMismatchArgument Argument 1 (x) is float[] but \p364() takes \stdClass defined at %s:45
%s:25 PhanTypeMismatchArgument Argument 1 (x) is float[] but \p364() takes \stdClass defined at %s:45
%s:26 PhanTypeMismatchArgument Argument 1 (x) is float[] but \p364() takes \stdClass defined at %s:45
%s:27 PhanTypeMismatchArgument Argument 1 (x) is float[] but \p364() takes \stdClass defined at %s:45
%s:28 PhanTypeMismatchArgument Argument 1 (x) is float[] but \p364() takes \stdClass defined at %s:45
%s:29 PhanTypeMismatchArgument Argument 1 (x) is float[] but \p364() takes \stdClass defined at %s:45
%s:30 PhanTypeMismatchArgument Argument 1 (x) is int[]|string[] but \p364() takes \stdClass defined at %s:45
%s:31 PhanTypeMismatchArgument Argument 1 (x) is int[]|string[] but \p364() takes \stdClass defined at %s:45
%s:32 PhanTypeMismatchArgument Argument 1 (x) is int[]|string[] but \p364() takes \stdClass defined at %s:45
%s:33 PhanTypeMismatchArgument Argument 1 (x) is int[]|string[] but \p364() takes \stdClass defined at %s:45
%s:34 PhanTypeMismatchArgument Argument 1 (x) is int[]|string[] but \p364() takes \stdClass defined at %s:45
%s:35 PhanTypeMismatchArgument Argument 1 (x) is \stdClass[] but \p364() takes \stdClass defined at %s:45
%s:36 PhanTypeMismatchArgument Argument 1 (x) is \stdClass[] but \p364() takes \stdClass defined at %s:45
%s:37 PhanTypeMismatchArgument Argument 1 (x) is \stdClass[] but \p364() takes \stdClass defined at %s:45
%s:38 PhanTypeMismatchArgument Argument 1 (x) is \stdClass[] but \p364() takes \stdClass defined at %s:45
%s:39 PhanTypeMismatchArgument Argument 1 (x) is string[] but \p364() takes \stdClass defined at %s:45
%s:40 PhanTypeMismatchArgument Argument 1 (x) is string[] but \p364() takes \stdClass defined at %s:45
%s:41 PhanTypeMismatchArgument Argument 1 (x) is string[] but \p364() takes \stdClass defined at %s:45
%s:42 PhanTypeMismatchArgument Argument 1 (x) is string[] but \p364() takes \stdClass defined at %s:45
