%s:14 PhanTypeMismatchArgument Argument 1 (n) is int but \NS\MyClass385::fibonacci() takes string defined at %s:9
%s:15 PhanTypeMismatchArgument Argument 1 (n) is int but \NS\MyClass385::fibonacci() takes string defined at %s:9
%s:25 PhanTypeMismatchArgument Argument 1 (n) is int but \NS\MyClass385::fibonacci() takes string defined at %s:9
%s:26 PhanTypeMismatchArgument Argument 1 (n) is int but \NS\MyClass385::fibonacci() takes string defined at %s:9
%s:30 PhanTypeMismatchArgument Argument 1 (n) is int but \NS\MyClass385::fibonacci() takes string defined at %s:9
%s:31 PhanTypeMismatchArgument Argument 1 (n) is int but \NS\MyClass385::fibonacci2() takes string defined at %s:20
