%s:11 PhanTypeMismatchReturnSuperType Returning (function) of type Closure(int):int but return_closure() is declared to return Closure(int):string (saw a supertype instead of a subtype)
%s:15 PhanTypeMismatchReturnSuperType Returning Closure::fromCallable('strlen') of type Closure(string):int but return_closure() is declared to return Closure(int):string (saw a supertype instead of a subtype)
%s:17 PhanTypeMismatchReturnSuperType Returning (function) of type Closure():string but return_closure() is declared to return Closure(int):string (saw a supertype instead of a subtype)
