%s:11 PhanTypeMismatchReturn Returning type Closure(int):int but return_closure() is declared to return Closure(int):string
%s:15 PhanTypeMismatchReturn Returning type Closure(string):int but return_closure() is declared to return Closure(int):string
%s:17 PhanTypeMismatchReturn Returning type Closure():string but return_closure() is declared to return Closure(int):string
