%s:13 PhanTypeMismatchReturn Returning null of type null but example_scalar() is declared to return bool|float|int|string
%s:22 PhanTypeMismatchArgumentProbablyReal Argument 1 ($x) is new stdClass() of type \stdClass but \example_scalar() takes ?bool|?float|?int|?string (no real type) defined at %s:9 (the inferred real argument type has nothing in common with the parameter's phpdoc type)
%s:23 PhanTypeMismatchArgumentProbablyReal Argument 1 ($x) is [] of type array{} but \example_scalar() takes ?bool|?float|?int|?string (no real type) defined at %s:9 (the inferred real argument type has nothing in common with the parameter's phpdoc type)
