%s:4 PhanUndeclaredThis Variable $this is undeclared
%s:7 PhanTypeInvalidDimOffset Invalid offset "key" of $x of array type non-empty-list<mixed>
%s:7 PhanTypeSuspiciousEcho Suspicious argument $x[$s] of type null for an echo/print statement
%s:8 PhanTypeInvalidDimOffset Invalid offset "key2" of $x of array type non-empty-list<mixed>
%s:8 PhanTypeSuspiciousEcho Suspicious argument $x['key2'] of type null for an echo/print statement
%s:9 PhanTypeMismatchArgumentInternalProbablyReal Argument 1 ($string) is $x of type non-empty-list<mixed> but \strlen() takes string
