%s:5 PhanUnextractableAnnotationElementName Saw possibly unextractable annotation for a fragment of comment '* @param int': after int, did not see an element name (will guess based on comment order)
%s:11 PhanTypeMismatchReturn Returning type int but exampleSuspiciousComment() is declared to return string
