%s:12 PhanTypeMismatchReturnProbablyReal Returning "'{$x}{$x}'" of type string but test() is declared to return string (no real type) (the inferred real return type has nothing in common with the declared phpdoc return type)
%s:14 PhanTypeMismatchReturnProbablyReal Returning ($x . ' ') of type string but test() is declared to return string (no real type) (the inferred real return type has nothing in common with the declared phpdoc return type)
