%s:10 PhanTypeMismatchArgumentInternal Argument 1 ($string) is int but \strlen() takes string
%s:19 PhanTypeMismatchArgumentInternal Argument 1 ($string) is 2.3 but \strlen() takes string
%s:28 PhanTypeMismatchArgumentInternalProbablyReal Argument 1 ($var) is string but \count() takes \Countable|\ResourceBundle|\SimpleXMLElement|array
