%s:4 PhanTypeInvalidMethodName Instance method name must be a string, got \ArrayObject
%s:5 PhanTypeInvalidMethodName Instance method name must be a string, got \ArrayObject
%s:6 PhanTypeInvalidStaticMethodName Static method name must be a string, got \ArrayObject
%s:7 PhanTypeInvalidStaticMethodName Static method name must be a string, got \ArrayObject
%s:8 PhanTypeInvalidStaticMethodName Static method name must be a string, got \ArrayObject
%s:9 PhanTypeInvalidCallableMethodName Method name of callable must be a string, got \ArrayObject
%s:9 PhanTypeMismatchArgumentInternal Argument 1 (function) is array{0:\ArrayAccess|\ArrayObject|\Countable|\IteratorAggregate|\Serializable|\Traversable|iterable,1:\ArrayAccess|\ArrayObject|\Countable|\IteratorAggregate|\Serializable|\Traversable|iterable} but \call_user_func() takes callable
%s:10 PhanTypeInvalidCallableMethodName Method name of callable must be a string, got \ArrayObject
%s:10 PhanTypeMismatchArgumentInternal Argument 1 (function) is array{0:'Closure',1:\ArrayAccess|\ArrayObject|\Countable|\IteratorAggregate|\Serializable|\Traversable|iterable} but \call_user_func() takes callable
