%s:14 PhanStaticPropIsStaticType Static property \Chain::$static_prop_parent is declared to have type static, but the only instance is shared among all subclasses (Did you mean \Chain)
%s:31 PhanTypeMismatchArgumentInternal Argument 1 ($string) is $c->parent3 of type \Chain|false but \strlen() takes string
%s:32 PhanTypeMismatchArgumentInternal Argument 1 ($string) is $r->parent of type \Chain|\Request|null but \strlen() takes string
%s:33 PhanTypeMismatchArgumentInternal Argument 1 ($string) is $r->parent2 of type ?\Chain|?\Request|?bool but \strlen() takes string
%s:34 PhanTypeMismatchArgumentInternal Argument 1 ($string) is $r->parent3 of type \Chain|\Request|false but \strlen() takes string
%s:35 PhanTypeMismatchArgumentInternal Argument 1 ($string) is $c->parent of type \Chain|null but \strlen() takes string
%s:36 PhanTypeMismatchArgumentInternal Argument 1 ($string) is $c->parent2 of type ?\Chain|?bool but \strlen() takes string
%s:37 PhanTypeMismatchArgumentInternal Argument 1 ($string) is $f->parent of type \Chain|\Fence|null but \strlen() takes string
%s:38 PhanTypeMismatchArgumentInternal Argument 1 ($string) is $f->parent2 of type ?\Chain|?\Fence|?bool but \strlen() takes string
%s:39 PhanTypeMismatchArgumentInternal Argument 1 ($string) is $f->parent3 of type \Chain|\Fence|false but \strlen() takes string
%s:40 PhanTypeSuspiciousEcho Suspicious argument \Chain for an echo/print statement
%s:41 PhanTypeSuspiciousEcho Suspicious argument \Chain for an echo/print statement
