%s:10 PhanTypeMismatchArgumentInternal Argument 1 (string) is int but \strlen() takes string
%s:12 PhanTypeMismatchArgumentInternal Argument 1 (string) is false|int but \strlen() takes string
%s:15 PhanTypeMismatchArgumentInternal Argument 1 (string) is int but \strlen() takes string
%s:17 PhanTypeMismatchArgumentInternal Argument 1 (string) is ?int but \strlen() takes string
%s:20 PhanTypeMismatchArgumentInternal Argument 1 (string) is 3 but \strlen() takes string
%s:22 PhanTypeMismatchArgumentInternal Argument 1 (string) is 2 but \strlen() takes string
%s:33 PhanTypeMismatchArgumentInternal Argument 1 (string) is false|int but \strlen() takes string
%s:35 PhanTypeMismatchArgumentInternal Argument 1 (string) is int but \strlen() takes string
%s:38 PhanTypeMismatchArgumentInternal Argument 1 (string) is ?int but \strlen() takes string
%s:40 PhanTypeMismatchArgumentInternal Argument 1 (string) is int but \strlen() takes string
%s:43 PhanTypeMismatchArgumentInternal Argument 1 (string) is 2 but \strlen() takes string
%s:45 PhanTypeMismatchArgumentInternal Argument 1 (string) is 3 but \strlen() takes string
