%s:8 PhanTypeArrayOperator Invalid array operand provided to operator '/' between types float|int and array{0:2}
%s:9 PhanTypeArrayOperator Invalid array operand provided to operator '^' between types int and array{0:2}
%s:10 PhanTypeArrayOperator Invalid array operand provided to operator '/' between types array{0:4} and array{0:2}
