%s:4 PhanUndeclaredFunction Call to undeclared function \isstring() (Did you mean \is_string())
%s:5 PhanUndeclaredFunction Call to undeclared function \parsecode()
%s:6 PhanUndeclaredFunction Call to undeclared function \ast\parsecode() (Did you mean \ast\parse_code())
%s:7 PhanUndeclaredFunction Call to undeclared function \ast\parsecode() (Did you mean \ast\parse_code())
%s:8 PhanUndeclaredFunction Call to undeclared function \ast\parsecode() (Did you mean \ast\parse_code())
%s:9 PhanUndeclaredFunction Call to undeclared function \ast\parse_ode() (Did you mean \ast\parse_code())
%s:12 PhanUndeclaredFunction Call to undeclared function \isstring()
%s:13 PhanUndeclaredFunction Call to undeclared function \parsecode() (Did you mean \ast\parse_code())
%s:14 PhanUndeclaredFunction Call to undeclared function \ast\parsecode() (Did you mean \ast\parse_code())
%s:15 PhanUndeclaredFunction Call to undeclared function \parsecode()
%s:16 PhanUndeclaredFunction Call to undeclared function \parse_code() (Did you mean \ast\parse_code())
