%s:15 PhanParamSignatureMismatch Declaration of function methodReturningFloatOrNull() : string should be compatible with function methodReturningFloatOrNull() : ?float defined in %s:5
%s:15 PhanParamSignatureRealMismatchReturnType Declaration of function methodReturningFloatOrNull() : string should be compatible with function methodReturningFloatOrNull() : ?float (method where the return type in the real signature is 'string' cannot override method where the return type in the real signature is '?float') defined in %s:5
