%s:15 PhanParamSignatureMismatch Declaration of function methodReturningArrayOrNull() : string should be compatible with function methodReturningArrayOrNull() : ?iterable defined in %s:5
%s:15 PhanParamSignatureRealMismatchReturnType Declaration of function methodReturningArrayOrNull() : string should be compatible with function methodReturningArrayOrNull() : ?iterable (method where the return type in the real signature is 'string' cannot override method where the return type in the real signature is '?iterable') defined in %s:5
