%s:35 PhanTypeMismatchArgumentInternalProbablyReal Argument 1 ($string) is $b1 of type \Base|\Base<\stdClass> but \strlen() takes string
%s:38 PhanTypeMismatchArgumentInternalProbablyReal Argument 1 ($string) is $db1 of type \DerivedBase|\DerivedBase<\stdClass> but \strlen() takes string
%s:39 PhanTypeMismatchArgumentInternal Argument 1 ($string) is $db1->y of type \stdClass but \strlen() takes string
%s:40 PhanTypeMismatchArgumentInternalProbablyReal Argument 1 ($string) is $db2 of type \DerivedBase|\DerivedBase<int> but \strlen() takes string
%s:41 PhanTypeMismatchArgumentInternal Argument 1 ($string) is $db2->y of type int but \strlen() takes string
