%s:16 PhanTypeArraySuspiciousNullable Suspicious array access to $arr of nullable type ?array
%s:26 PhanDebugAnnotation @phan-debug-var requested for variable $deprecation - it has union type array{0:string,1:string}
%s:31 PhanTypeMismatchReturn Returning $deprecation of type ?string but test_false_positive_preg_match() is declared to return int
