%s:3 PhanImpossibleConditionInGlobalScope Impossible attempt to cast $a of type 2 to empty in the global scope (may be a false positive)
%s:3 PhanNoopEmpty Unused result of an empty($a) check
%s:4 PhanNoopIsset Unused result of an isset($a) check
%s:4 PhanRedundantConditionInGlobalScope Redundant attempt to cast $a of type 2 to isset in the global scope (likely a false positive)
%s:7 PhanNoopCast Unused result of a (string)($a) cast
%s:8 PhanNoopCast Unused result of a (int)($a) cast
%s:8 PhanRedundantConditionInGlobalScope Redundant attempt to cast $a of type 2 to int in the global scope (likely a false positive)
%s:9 PhanNoopCast Unused result of a (bool)($a) cast
%s:10 PhanCompatibleUnsetCast The unset cast (in (unset)($a)) was deprecated in PHP 7.2 and will become a fatal error in PHP 8.0.
%s:10 PhanNoopCast Unused result of a (unset)($a) cast
%s:11 PhanNoopCast Unused result of a (float)($a) cast
%s:12 PhanNoopCast Unused result of a (array)($a) cast
%s:13 PhanNoopCast Unused result of a (object)($a) cast
%s:22 PhanNoopBinaryOperator Unused result of a binary '??' operator
%s:26 PhanNoopBinaryOperator Unused result of a binary '??' operator
%s:28 PhanNoopBinaryOperator Unused result of a binary '&&' operator
%s:29 PhanNoopBinaryOperator Unused result of a binary '||' operator
