%s:8 PhanTypeMismatchArgumentInternal Argument 1 ($string) is array but \strlen() takes string
%s:8 PhanTypeMismatchArgumentInternal Argument 1 ($string) is array<string,array{mode:'Foo'}>[]|array{} but \strlen() takes string
%s:9 PhanTypeInvalidDimOffset Invalid offset "class" of array type array{mode:'Foo'}
%s:10 PhanNonClassMethodCall Call to method __construct on non-class type null
%s:10 PhanTypeExpectedObjectOrClassName Expected an object instance or the name of a class but saw expression with type null
%s:10 PhanUnusedVariable Unused definition of variable $test
