%s:10 PhanUndeclaredMethod Call to undeclared method \ArrayAccess::someMethod
%s:13 PhanTypeMismatchArgumentInternal Argument 1 ($string) is $array['field'] of type object but \strlen() takes string
%s:22 PhanNonClassMethodCall Call to method count on non-class type null
%s:22 PhanTypeInvalidDimOffset Invalid offset "field" of $array of array type array{0:(\stdClass&\Countable)|\Countable}
%s:25 PhanUndeclaredMethod Call to undeclared method \stdClass::count
%s:36 PhanNonClassMethodCall Call to method count on non-class type null
%s:36 PhanTypeInvalidDimOffset Invalid offset 4 of $array of array type array{5:(\stdClass&\Countable)|\Countable}
%s:39 PhanUndeclaredMethod Call to undeclared method \stdClass::count
%s:47 PhanTypeMismatchReturnReal Returning $o of type \stdClass but check_var_negate() is declared to return string
%s:49 PhanTypeMismatchReturn Returning $o of type int but check_var_negate() is declared to return string
