%s:19 PhanTypeMismatchReturnProbablyReal Returning 'data' of type 'data' but __serialize() is declared to return array (no real type) (the inferred real return type has nothing in common with the declared phpdoc return type)
%s:22 PhanTypeMagicVoidWithReturn Found a return statement with a value in the implementation of the magic method \NewSerializeInvalid::__unserialize, expected void return type
%s:24 PhanTypeMismatchReturnProbablyReal Returning [] of type array{} but __unserialize() is declared to return void (no real type) (the inferred real return type has nothing in common with the declared phpdoc return type)
