%s:19 PhanTypeMismatchReturn Returning 'data' of type 'data' but __serialize() is declared to return array
%s:22 PhanTypeMagicVoidWithReturn Found a return statement with a value in the implementation of the magic method \NewSerializeInvalid::__unserialize, expected void return type
%s:24 PhanTypeMismatchReturn Returning [] of type array{} but __unserialize() is declared to return void
