%s:51 PhanTypeArraySuspicious Suspicious array access to $this of type static
%s:54 PhanTypeArraySuspicious Suspicious array access to $this of type \Y681
%s:57 PhanTypeArrayUnsetSuspicious Suspicious attempt to unset an offset of a value $this of type \Y681
%s:60 PhanTypeArraySuspicious Suspicious array access to $this of type \Y681
