%s:4 PhanRedundantCondition Redundant attempt to cast $i of type int to scalar
%s:6 PhanTypeMismatchArgumentInternal Argument 1 ($numerator) is string but \intdiv() takes int
%s:8 PhanTypeMismatchArgumentInternal Argument 1 ($numerator) is null but \intdiv() takes int
%s:10 PhanRedundantCondition Redundant attempt to cast $b of type bool to scalar
%s:11 PhanTypeMismatchArgumentInternal Argument 1 ($numerator) is bool but \intdiv() takes int
%s:12 PhanImpossibleCondition Impossible attempt to cast $a of type array to scalar
%s:16 PhanTypeMismatchArgumentInternal Argument 1 ($numerator) is callable-string but \intdiv() takes int
%s:19 PhanTypeMismatchArgumentInternalProbablyReal Argument 1 ($numerator) is callable but \intdiv() takes int
%s:22 PhanImpossibleCondition Impossible attempt to cast $nil of type null to scalar
