%s:8 PhanTypeComparisonToArray iterable to array comparison
%s:9 PhanSuspiciousWeakTypeComparison Suspicious attempt to compare $i of type iterable to $f of type \FinalClass718
%s:10 PhanSuspiciousWeakTypeComparison Suspicious attempt to compare $a of type array to $f of type \FinalClass718
%s:10 PhanTypeComparisonFromArray array to \FinalClass718 comparison
%s:11 PhanSuspiciousWeakTypeComparison Suspicious attempt to compare $f of type \FinalClass718 to null of type null
%s:12 PhanSuspiciousWeakTypeComparison Suspicious attempt to compare $f of type \FinalClass718 to false of type false
%s:13 PhanSuspiciousWeakTypeComparison Suspicious attempt to compare $a of type array to 2.3 of type 2.3
%s:13 PhanTypeComparisonFromArray array to float comparison
%s:14 PhanSuspiciousWeakTypeComparison Suspicious attempt to compare $a of type array to $f of type \FinalClass718
%s:14 PhanTypeComparisonFromArray array to \FinalClass718 comparison
%s:15 PhanSuspiciousWeakTypeComparison Suspicious attempt to compare $i of type iterable to $f of type \FinalClass718
%s:16 PhanSuspiciousWeakTypeComparison Suspicious attempt to compare $f of type \FinalClass718 to false of type false
%s:17 PhanSuspiciousWeakTypeComparison Suspicious attempt to compare $f of type \FinalClass718 to true of type true
%s:18 PhanSuspiciousWeakTypeComparison Suspicious attempt to compare $f of type \FinalClass718 to $b of type bool
