%s:8 PhanTypeComparisonToArray iterable to array comparison
%s:9 PhanSuspiciousWeakTypeComparison Suspicious attempt to compare $i of type iterable to $f of type \FinalClass718
%s:9 PhanTypeComparisonObjectOrdering Using ordering comparison operator with an object of type \FinalClass718 and a non-object of type iterable will throw a TypeError in PHP 8.0+
%s:10 PhanSuspiciousWeakTypeComparison Suspicious attempt to compare $a of type array to $f of type \FinalClass718
%s:10 PhanTypeComparisonFromArray array to \FinalClass718 comparison
%s:10 PhanTypeComparisonObjectOrdering Using ordering comparison operator with an object of type \FinalClass718 and a non-object of type array will throw a TypeError in PHP 8.0+
%s:11 PhanSuspiciousWeakTypeComparison Suspicious attempt to compare $f of type \FinalClass718 to null of type null
%s:11 PhanTypeComparisonObjectOrdering Using ordering comparison operator with an object of type \FinalClass718 and a non-object of type null will throw a TypeError in PHP 8.0+
%s:12 PhanSuspiciousWeakTypeComparison Suspicious attempt to compare $f of type \FinalClass718 to false of type false
%s:12 PhanTypeComparisonObjectOrdering Using ordering comparison operator with an object of type \FinalClass718 and a non-object of type false will throw a TypeError in PHP 8.0+
%s:13 PhanSuspiciousWeakTypeComparison Suspicious attempt to compare $a of type array to 2.3 of type float (value: 2.3)
%s:13 PhanTypeComparisonFromArray array to float comparison
%s:14 PhanSuspiciousWeakTypeComparison Suspicious attempt to compare $a of type array to $f of type \FinalClass718
%s:14 PhanTypeComparisonFromArray array to \FinalClass718 comparison
%s:15 PhanSuspiciousWeakTypeComparison Suspicious attempt to compare $i of type iterable to $f of type \FinalClass718
%s:16 PhanSuspiciousWeakTypeComparison Suspicious attempt to compare $f of type \FinalClass718 to false of type false
%s:17 PhanSuspiciousWeakTypeComparison Suspicious attempt to compare $f of type \FinalClass718 to true of type true
%s:17 PhanTypeComparisonObjectOrdering Using ordering comparison operator with an object of type \FinalClass718 and a non-object of type true will throw a TypeError in PHP 8.0+
%s:18 PhanSuspiciousWeakTypeComparison Suspicious attempt to compare $f of type \FinalClass718 to $b of type bool
%s:19 PhanSuspiciousWeakTypeComparison Suspicious attempt to compare $f of type \FinalClass718 to $b of type bool
%s:19 PhanTypeComparisonObjectOrdering Using ordering comparison operator with an object of type \FinalClass718 and a non-object of type bool will throw a TypeError in PHP 8.0+
%s:20 PhanSuspiciousWeakTypeComparison Suspicious attempt to compare $f of type \FinalClass718 to $b of type bool
%s:21 PhanSuspiciousWeakTypeComparison Suspicious attempt to compare $f of type \FinalClass718 to $b of type bool
