%s:4 PhanRedundantValueComparison Redundant comparison of $j of type int (value: 0) to 20 of type int (value: 20) with operator '<' (the comparison is always true)
%s:7 PhanImpossibleValueComparison Impossible comparison of $i of type int (value: 100) to 20 of type int (value: 20) with operator '<' (the comparison is always false)
%s:8 PhanSuspiciousLoopDirection Suspicious loop appears to decrease after each iteration in $i--, but the loop condition is ($i < 10)
%s:10 PhanImpossibleValueComparison Impossible comparison of $j of type int (value: 0) to 20 of type int (value: 20) with operator '==' (the comparison is always false)
