%s:7 PhanDeprecatedInterface Using a deprecated interface \TestDeprecationMessage\DeprecatedInterface defined at %s:5 (Deprecated because: single line reason.)
%s:31 PhanDeprecatedClass Using a deprecated class \TestDeprecationMessage\ExampleClass defined at %s:15 (Deprecated because: deprecated since 1.3. Switch to otherAPI instead.)
%s:32 PhanDeprecatedProperty Reference to deprecated property \TestDeprecationMessage\ExampleClass::$double defined at %s:23 (Deprecated because: use triple instead. More details.)
%s:33 PhanDeprecatedFunction Call to deprecated function \TestDeprecationMessage\ExampleClass::deprecatedMethod() defined at %s:28 (Deprecated because: use *->otherMethod() instead)
%s:40 PhanDeprecatedTrait Using a deprecated trait \TestDeprecationMessage\DeprecatedTrait defined at %s:39 (Deprecated because: this does nothing)
