%s:21 PhanPossiblyInfiniteLoop The loop condition ($j < $i) does not seem to change within the loop and nothing seems to exit the loop
%s:30 PhanPossiblyInfiniteLoop The loop condition ($j < $w) does not seem to change within the loop and nothing seems to exit the loop
%s:30 PhanRedundantValueComparisonInLoop Redundant comparison of $j of type int (value: 0) to $w of type int (value: 1) with operator '<' in a loop (the comparison is always true, likely a false positive)
