%s:4 PhanUndeclaredVariable Variable $long_var_f is undeclared (Did you mean $long_var_first)
%s:5 PhanUndeclaredVariable Variable $long_var_ is undeclared (Did you mean $long_var_first or $long_var_second)
%s:6 PhanUndeclaredVariable Variable $l is undeclared (Did you mean $long_var_first or $long_var_second)
%s:7 PhanUndeclaredVariable Variable $_G is undeclared (Did you mean $_GET)
%s:8 PhanUndeclaredVariable Variable $_S is undeclared (Did you mean $_SERVER or $_SESSION)
%s:10 PhanUndeclaredFunction Call to undeclared function \ast\pa() (Did you mean \ast\parse_code() or \ast\parse_file() or \pi())
%s:11 PhanUndeclaredFunction Call to undeclared function \ast\pa() (Did you mean \ast\parse_code() or \ast\parse_file() or \pi())
%s:13 PhanUndeclaredMethod Call to undeclared method \ArrayObject::c (Did you mean expr->count())
%s:15 PhanUndeclaredProperty Reference to undeclared property \ast\Node->ch (Did you mean expr->children)
