%s:2 PhanUndeclaredConstant Reference to undeclared constant \PHP_VERSION_I (Did you mean \PHP_VERSION_ID)
%s:3 PhanUndeclaredConstant Reference to undeclared constant \php_version_id (Did you mean \PHP_VERSION_ID)
%s:4 PhanUndeclaredConstant Reference to undeclared constant \fals (Did you mean \false)
%s:5 PhanUndeclaredConstant Reference to undeclared constant \NUL (Did you mean %S\null)
