%s:4 PhanCompatibleDefaultEqualsNull In PHP 8.0, using a default (EQUALS_NULL) that resolves to null will no longer cause the parameter (int $x) to be nullable
%s:8 PhanTypeMismatchArgumentReal Argument 1 ($x) is null of type null but \test_nullable782() takes int defined at %s:4
%s:9 PhanTypeMismatchArgument Argument 1 ($x) is false of type false but \test_nullable782() takes int defined at %s:4
