%s:26 PhanUndeclaredMethod Call to undeclared method \NSConstantSwitch\T1::f2 (Did you mean expr->f1())
%s:30 PhanUndeclaredMethod Call to undeclared method \NSConstantSwitch\T2::f1 (Did you mean expr->f2())
%s:34 PhanTypeMismatchArgumentInternalProbablyReal Argument 1 ($numerator) is \Traversable|\stdClass|iterable but \intdiv() takes int
