%s:4 PhanSuspiciousValueComparison Suspicious attempt to compare $value of type int|int to 4 of type int with operator '>'
%s:5 PhanSuspiciousValueComparison Suspicious attempt to compare 'foo' of type string to $b of type bool with operator '>='
%s:7 PhanSuspiciousValueComparison Suspicious attempt to compare $s of type string|string to $nullable of type ?bool with operator '>='
