%s:19 PhanUndeclaredFunction Call to undeclared function \test_assoc()
%s:22 PhanTypeMismatchArgument Argument 1 ($list) is $b of type associative-array<mixed,\stdClass> but \NS794\accepts_list() takes list<mixed> defined at %s:9
%s:23 PhanTypeMismatchArgument Argument 1 ($list) is $a of type associative-array<int,string> but \NS794\accepts_list() takes list<mixed> defined at %s:9
%s:24 PhanTypeMismatchArgumentInternal Argument 2 ($args) is $b of type associative-array<mixed,\stdClass> but \call_user_func_array() takes list<mixed>
%s:25 PhanTypeMismatchArgumentInternal Argument 2 ($args) is $a of type associative-array<int,string> but \call_user_func_array() takes list<mixed>
%s:27 PhanParamTooFewInternalUnpack Call with 0 or more arg(s) to \var_dump($value, ...$values) which requires 1 arg(s). This may throw an ArgumentCountError if there are too few args at runtime.
%s:38 PhanTypeMismatchArgument Argument 1 ($a) is $b of type list<\stdClass> but \NS794\test_cannot_pass_associative_to_list() takes associative-array<int,string> defined at %s:17
