%s:22 PhanDebugAnnotation @phan-debug-var requested for variable $x - it has union type \Builder<\stdClass>(real=\Builder<\stdClass>)
%s:24 PhanDebugAnnotation @phan-debug-var requested for variable $y - it has union type \Builder<\stdClass>(real=\Builder)
%s:26 PhanDebugAnnotation @phan-debug-var requested for variable $z - it has union type \Builder<\stdClass>(real=\Builder)
