%s:10 PhanGenericConstructorTypes Missing template parameter for type T on constructor for generic class \X defined at %s:6
%s:11 PhanDebugAnnotation @phan-debug-var requested for variable $x0 - it has union type \X<mixed>(real=\X<mixed>)
%s:11 PhanDebugAnnotation @phan-debug-var requested for variable $y0 - it has union type mixed
%s:19 PhanDebugAnnotation @phan-debug-var requested for variable $x1 - it has union type \X(real=\X)
%s:19 PhanDebugAnnotation @phan-debug-var requested for variable $y1 - it has union type mixed
%s:28 PhanTemplateTypeNotDeclaredInFunctionParams Template type U not declared in parameters of function/method getX2() (or Phan can't extract template types for this use case)
%s:32 PhanDebugAnnotation @phan-debug-var requested for variable $x2 - it has union type \X<mixed>(real=\X)
%s:32 PhanDebugAnnotation @phan-debug-var requested for variable $y2 - it has union type mixed
%s:41 PhanTypeMismatchReturn Returning new X() of type \X<mixed> but getX3() is declared to return \X&\I
%s:44 PhanDebugAnnotation @phan-debug-var requested for variable $x3 - it has union type \X&\I
%s:44 PhanDebugAnnotation @phan-debug-var requested for variable $y3 - it has union type mixed
%s:51 PhanCommentParamOnEmptyParamList Saw an @param annotation for $x, but the param list of function getX4() : \X|\X<U>; is empty
%s:54 PhanTemplateTypeNotDeclaredInFunctionParams Template type U not declared in parameters of function/method getX4() (or Phan can't extract template types for this use case)
%s:58 PhanDebugAnnotation @phan-debug-var requested for variable $x4 - it has union type \X<mixed>(real=\X)
%s:58 PhanDebugAnnotation @phan-debug-var requested for variable $y4 - it has union type mixed
