%s:14 PhanUnreferencedClass Possibly zero references to class \NS37\OnBoth
%s:16 PhanUnreferencedClass Possibly zero references to class \NS37\Example
%s:18 PhanAttributeWrongTarget Saw use of attribute \NS37\OnParameter declared at %s:8 which supports being declared on \Attribute::TARGET_PARAMETER but it was declared on public int $value which requires an attribute declared to support \Attribute::TARGET_PROPERTY
%s:18 PhanAttributeWrongTarget Saw use of attribute \NS37\OnProperty declared at %s:11 which supports being declared on \Attribute::TARGET_PROPERTY but it was declared on public int $value which requires an attribute declared to support \Attribute::TARGET_PARAMETER
%s:19 PhanCompatibleConstructorPropertyPromotion Cannot use constructor property promotion before php 8.0 for public int $value of \NS37\Example::__construct(int $value, int $other)
%s:19 PhanWriteOnlyPublicProperty Possibly zero read references to public property \NS37\Example->value
%s:20 PhanAttributeWrongTarget Saw use of attribute \NS37\OnProperty declared at %s:11 which supports being declared on \Attribute::TARGET_PROPERTY but it was declared on int $other which requires an attribute declared to support \Attribute::TARGET_PARAMETER
