%s:31 PhanSyntaxReturnStatementInNever Syntax error: function up() has return type never, meaning it must not contain return statements (it should exit, throw, or run forever)
%s:33 PhanSyntaxReturnStatementInNever Syntax error: function up() has return type never, meaning it must not contain return statements (it should exit, throw, or run forever)
