%s:5 PhanSyntaxEnumCaseExpectedValue Syntax error: Case Hearts of backed enum \NS1145\Suit must have a value of type string
%s:9 PhanSyntaxEnumCaseUnexpectedValue Syntax error: Case ZERO of unit enum \NS1145\Nat1 must not have a value
%s:13 PhanTypeUnexpectedEnumCaseType Saw enum case ZERO with a value of type 'zero' that did not match expected type int
