%s:8 PhanDebugAnnotation @phan-debug-var requested for variable $d - it has union type non-empty-list<mixed>(real=non-empty-list<mixed>)
%s:13 PhanDebugAnnotation @phan-debug-var requested for variable $d - it has union type list<mixed>(real=list<mixed>)
%s:19 PhanDebugAnnotation @phan-debug-var requested for variable $x - it has union type non-empty-array<mixed,mixed>
%s:28 PhanDebugAnnotation @phan-debug-var requested for variable $el - it has union type (empty union type)
