%s:13 PhanDebugAnnotation @phan-debug-var requested for variable $iterator - it has union type \ArrayIterator<string,string>(real=\ArrayIterator)
%s:15 PhanDebugAnnotation @phan-debug-var requested for variable $key - it has union type string(real=int|null|string)
%s:15 PhanDebugAnnotation @phan-debug-var requested for variable $value - it has union type string(real=mixed)
