%s:28 PhanTypeMismatchArgument Argument 1 ($box) is $b of type \Box|\Box<int> but \acceptBoxString() takes \Box<string> defined at %s:23
%s:32 PhanDebugAnnotation @phan-debug-var requested for variable $a - it has union type \Box<int>
%s:32 PhanDebugAnnotation @phan-debug-var requested for variable $b - it has union type \Box<int>
%s:32 PhanDebugAnnotation @phan-debug-var requested for variable $c - it has union type \Box<int>(real=\Box<int>)
%s:32 PhanDebugAnnotation @phan-debug-var requested for variable $d - it has union type \Box<int>(real=\Box<int>)
%s:32 PhanTypeMismatchArgumentProbablyReal Argument 1 ($box) is $d of type \Box|\Box<int> but \acceptBoxString() takes \Box<string> (no real type) defined at %s:23 (the inferred real argument type has nothing in common with the parameter's phpdoc type)
