%s:7 PhanTypeInvalidModuloOperand Operand 5.5 of type 5.5 to modulo (%) operator is implicitly converted to int (deprecated in PHP 8.1)
%s:8 PhanTypeInvalidModuloOperand Operand 2.5 of type 2.5 to modulo (%) operator is implicitly converted to int (deprecated in PHP 8.1)
%s:9 PhanTypeInvalidModuloOperand Operand 3.3 of type 3.3 to modulo (%) operator is implicitly converted to int (deprecated in PHP 8.1)
%s:9 PhanTypeInvalidModuloOperand Operand 7.7 of type 7.7 to modulo (%) operator is implicitly converted to int (deprecated in PHP 8.1)
%s:14 PhanTypeInvalidModuloOperand Operand $float of type 5.5 to modulo (%) operator is implicitly converted to int (deprecated in PHP 8.1)
%s:15 PhanTypeInvalidModuloOperand Operand $float of type 5.5 to modulo (%) operator is implicitly converted to int (deprecated in PHP 8.1)
%s:18 PhanTypeInvalidModuloOperand Operand 5.0 of type 5.0 to modulo (%) operator is implicitly converted to int (deprecated in PHP 8.1)
%s:31 PhanTypeInvalidModuloOperand Operand getFloat() of type float to modulo (%) operator is implicitly converted to int (deprecated in PHP 8.1)
%s:32 PhanTypeInvalidModuloOperand Operand getFloat() of type float to modulo (%) operator is implicitly converted to int (deprecated in PHP 8.1)
%s:37 PhanTypeInvalidModuloOperand Operand $mixed of type 5.5 to modulo (%) operator is implicitly converted to int (deprecated in PHP 8.1)
%s:42 PhanTypeInvalidModuloOperand Operand $union of type 5.5 to modulo (%) operator is implicitly converted to int (deprecated in PHP 8.1)
