%s:32 PhanDebugAnnotation @phan-debug-var requested for variable $b - it has union type 1|2|3
%s:37 PhanDebugAnnotation @phan-debug-var requested for variable $d - it has union type 'bar'|'qux'
%s:42 PhanDebugAnnotation @phan-debug-var requested for variable $f - it has union type 'bar'|'foo'|null
%s:50 PhanDebugAnnotation @phan-debug-var requested for variable $v - it has union type int
