%s:13 PhanDebugAnnotation @phan-debug-var requested for variable $array - it has union type non-empty-associative-array<mixed>(real=non-empty-associative-array<mixed>)
%s:52 PhanDebugAnnotation @phan-debug-var requested for variable $plain - it has union type non-empty-associative-array<mixed>(real=non-empty-associative-array<mixed>)
%s:54 PhanDebugAnnotation @phan-debug-var requested for variable $plain - it has union type list<mixed>(real=list<mixed>)
%s:57 PhanDebugAnnotation @phan-debug-var requested for variable $string_keys - it has union type non-empty-array<string,int>(real=non-empty-associative-array<mixed>)
%s:60 PhanDebugAnnotation @phan-debug-var requested for variable $ints - it has union type non-empty-associative-array<int>(real=non-empty-associative-array<mixed>)
%s:63 PhanDebugAnnotation @phan-debug-var requested for variable $list - it has union type non-empty-associative-array<mixed>(real=non-empty-associative-array<mixed>)
%s:66 PhanDebugAnnotation @phan-debug-var requested for variable $list_or_shape - it has union type array{a:int}(real=non-empty-associative-array<mixed>)
%s:69 PhanDebugAnnotation @phan-debug-var requested for variable $always_list_shape - it has union type non-empty-associative-array<mixed>(real=non-empty-associative-array<mixed>)
%s:72 PhanDebugAnnotation @phan-debug-var requested for variable $maybe_list_shape - it has union type array{0?:int,1:int}(real=non-empty-associative-array<mixed>)
%s:75 PhanDebugAnnotation @phan-debug-var requested for variable $two_optional_shape - it has union type array{0?:int,1?:string}(real=non-empty-associative-array<mixed>)
%s:79 PhanDebugAnnotation @phan-debug-var requested for variable $one_optional_shape - it has union type non-empty-associative-array<mixed>(real=non-empty-associative-array<mixed>)
%s:83 PhanDebugAnnotation @phan-debug-var requested for variable $non_empty_list - it has union type non-empty-associative-array<mixed>(real=non-empty-associative-array<mixed>)
%s:86 PhanDebugAnnotation @phan-debug-var requested for variable $assoc - it has union type non-empty-associative-array<string>(real=non-empty-associative-array<mixed>)
%s:89 PhanDebugAnnotation @phan-debug-var requested for variable $array_or_false - it has union type non-empty-associative-array<mixed>(real=non-empty-associative-array<mixed>)
%s:92 PhanDebugAnnotation @phan-debug-var requested for variable $callable - it has union type callable-array(real=non-empty-associative-array<mixed>)
%s:95 PhanDebugAnnotation @phan-debug-var requested for variable $unknown - it has union type non-empty-associative-array<mixed>(real=non-empty-associative-array<mixed>)
