%s:6 PhanTypeMismatchArgumentInternal Argument 1 (string) is 2|3 but \strlen() takes string
%s:8 PhanCompatibleShortArrayAssignPHP70 Square bracket syntax for an array destructuring assignment is not compatible with PHP 7.0
%s:9 PhanTypeMismatchArgumentInternal Argument 1 (string) is 2|3 but \strlen() takes string
%s:13 PhanTypeMismatchArgumentInternal Argument 1 (string) is array{0:2} but \strlen() takes string
%s:15 PhanCompatibleShortArrayAssignPHP70 Square bracket syntax for an array destructuring assignment is not compatible with PHP 7.0
%s:17 PhanTypeMismatchArgumentInternal Argument 1 (string) is array{0:2} but \strlen() takes string
%s:21 PhanCompatibleKeyedArrayAssignPHP70 Using array keys in an array destructuring assignment is not compatible with PHP 7.0
%s:24 PhanTypeMismatchArgumentInternal Argument 1 (string) is array{0:3} but \strlen() takes string
