This file contains any messages produced by compilers while
running configure, to aid debugging if configure makes a mistake.

It was created by configure, which was
generated by GNU Autoconf 2.72.  Invocation command line was

  $ ./configure

## --------- ##
## Platform. ##
## --------- ##

hostname = debry
uname -m = x86_64
uname -r = 6.9.6-rasmus
uname -s = Linux
uname -v = #1 SMP PREEMPT Tue Jun 25 21:35:23 PDT 2024

/usr/bin/uname -p = unknown
/bin/uname -X     = unknown

/bin/arch              = x86_64
/usr/bin/arch -k       = unknown
/usr/convex/getsysinfo = unknown
/usr/bin/hostinfo      = unknown
/bin/machine           = unknown
/usr/bin/oslevel       = unknown
/bin/universe          = unknown

PATH: /home/rasmus/.pyenv/plugins/pyenv-virtualenv/shims/
PATH: /home/rasmus/.pyenv/shims/
PATH: /home/rasmus/.pyenv/bin/
PATH: /usr/local/go/bin/
PATH: /home/rasmus/.linuxbrew/bin/
PATH: /usr/local/bin/
PATH: /usr/bin/
PATH: /bin/
PATH: /usr/local/games/
PATH: /usr/games/
PATH: /snap/bin/
PATH: /home/rasmus/.dotnet/tools/
PATH: fabricinc_LICENSE/
PATH: foundry_LICENSE/
PATH: genarts_LICENSE/
PATH: golaem_LICENSE/
PATH: innobright_LICENSE/
PATH: mootzoid_LICENSE/
PATH: nextlimit_LICENSE/
PATH: peregrinel_LICENSE/
PATH: redshift_LICENSE/
PATH: solidangle_LICENSE/
PATH: SFX_LICENSE_SERVER/
PATH: RLM_LICENSE/
PATH: fabricinc_LICENSE/
PATH: foundry_LICENSE/
PATH: genarts_LICENSE/
PATH: golaem_LICENSE/
PATH: innobright_LICENSE/
PATH: mootzoid_LICENSE/
PATH: nextlimit_LICENSE/
PATH: peregrinel_LICENSE/
PATH: redshift_LICENSE/
PATH: solidangle_LICENSE/
PATH: SFX_LICENSE_SERVER/
PATH: RLM_LICENSE/
PATH: /home/rasmus/miniconda3/bin/
PATH: /home/rasmus/.local/bin/


## ----------- ##
## Core tests. ##
## ----------- ##

configure:2506: looking for aux files: config.guess config.sub
configure:2519:  trying ./build/
configure:2548:   ./build/config.guess found
configure:2548:   ./build/config.sub found
configure:2666: checking for grep that handles long lines and -e
configure:2732: result: /usr/bin/grep
configure:2737: checking for egrep
configure:2807: result: /usr/bin/grep -E
configure:2814: checking for a sed that does not truncate output
configure:2886: result: /usr/bin/sed
configure:2963: checking build system type
configure:2979: result: x86_64-pc-linux-gnu
configure:2999: checking host system type
configure:3014: result: x86_64-pc-linux-gnu
configure:3034: checking target system type
configure:3049: result: x86_64-pc-linux-gnu
configure:3101: checking for gawk
configure:3123: found /usr/bin/gawk
configure:3135: result: gawk
configure:3243: checking for pkg-config
configure:3266: found /usr/bin/pkg-config
configure:3279: result: /usr/bin/pkg-config
configure:3304: checking pkg-config is at least version 0.9.0
configure:3307: result: yes
configure:3384: checking for cc
configure:3405: found /usr/bin/cc
configure:3417: result: cc
configure:3448: checking for C compiler version
configure:3457: cc --version >&5
cc (Debian 14.2.0-19) 14.2.0
Copyright (C) 2024 Free Software Foundation, Inc.
This is free software; see the source for copying conditions.  There is NO
warranty; not even for MERCHANTABILITY or FITNESS FOR A PARTICULAR PURPOSE.

configure:3468: $? = 0
configure:3457: cc -v >&5
Using built-in specs.
COLLECT_GCC=cc
COLLECT_LTO_WRAPPER=/usr/libexec/gcc/x86_64-linux-gnu/14/lto-wrapper
OFFLOAD_TARGET_NAMES=nvptx-none:amdgcn-amdhsa
OFFLOAD_TARGET_DEFAULT=1
Target: x86_64-linux-gnu
Configured with: ../src/configure -v --with-pkgversion='Debian 14.2.0-19' --with-bugurl=file:///usr/share/doc/gcc-14/README.Bugs --enable-languages=c,ada,c++,go,d,fortran,objc,obj-c++,m2,rust --prefix=/usr --with-gcc-major-version-only --program-suffix=-14 --program-prefix=x86_64-linux-gnu- --enable-shared --enable-linker-build-id --libexecdir=/usr/libexec --without-included-gettext --enable-threads=posix --libdir=/usr/lib --enable-nls --enable-bootstrap --enable-clocale=gnu --enable-libstdcxx-debug --enable-libstdcxx-time=yes --with-default-libstdcxx-abi=new --enable-libstdcxx-backtrace --enable-gnu-unique-object --disable-vtable-verify --enable-plugin --enable-default-pie --with-system-zlib --enable-libphobos-checking=release --with-target-system-zlib=auto --enable-objc-gc=auto --enable-multiarch --disable-werror --enable-cet --with-arch-32=i686 --with-abi=m64 --with-multilib-list=m32,m64,mx32 --enable-multilib --with-tune=generic --enable-offload-targets=nvptx-none=/build/reproducible-path/gcc-14-14.2.0/debian/tmp-nvptx/usr,amdgcn-amdhsa=/build/reproducible-path/gcc-14-14.2.0/debian/tmp-gcn/usr --enable-offload-defaulted --without-cuda-driver --enable-checking=release --build=x86_64-linux-gnu --host=x86_64-linux-gnu --target=x86_64-linux-gnu --with-build-config=bootstrap-lto-lean --enable-link-serialization=3
Thread model: posix
Supported LTO compression algorithms: zlib zstd
gcc version 14.2.0 (Debian 14.2.0-19) 
... rest of stderr output deleted ...
configure:3468: $? = 0
configure:3457: cc -V >&5
cc: error: unrecognized command-line option '-V'
cc: fatal error: no input files
compilation terminated.
configure:3468: $? = 1
configure:3457: cc -qversion >&5
cc: error: unrecognized command-line option '-qversion'; did you mean '--version'?
cc: fatal error: no input files
compilation terminated.
configure:3468: $? = 1
configure:3457: cc -version >&5
cc: error: unrecognized command-line option '-version'
cc: fatal error: no input files
compilation terminated.
configure:3468: $? = 1
configure:3488: checking whether the C compiler works
configure:3510: cc    conftest.c  >&5
configure:3514: $? = 0
configure:3565: result: yes
configure:3569: checking for C compiler default output file name
configure:3571: result: a.out
configure:3577: checking for suffix of executables
configure:3584: cc -o conftest    conftest.c  >&5
configure:3588: $? = 0
configure:3612: result: 
configure:3636: checking whether we are cross compiling
configure:3644: cc -o conftest    conftest.c  >&5
configure:3648: $? = 0
configure:3655: ./conftest
configure:3659: $? = 0
configure:3674: result: no
configure:3680: checking for suffix of object files
configure:3703: cc -c   conftest.c >&5
configure:3707: $? = 0
configure:3731: result: o
configure:3735: checking whether the compiler supports GNU C
configure:3755: cc -c   conftest.c >&5
configure:3755: $? = 0
configure:3767: result: yes
configure:3778: checking whether cc accepts -g
configure:3799: cc -c -g  conftest.c >&5
configure:3799: $? = 0
configure:3846: result: yes
configure:3866: checking for cc option to enable C11 features
configure:3881: cc  -c -g -O2  conftest.c >&5
configure:3881: $? = 0
configure:3900: result: none needed
configure:4024: checking how to run the C preprocessor
configure:4050: cc -E  conftest.c
configure:4050: $? = 0
configure:4066: cc -E  conftest.c
conftest.c:9:10: fatal error: ac_nonexistent.h: No such file or directory
    9 | #include <ac_nonexistent.h>
      |          ^~~~~~~~~~~~~~~~~~
compilation terminated.
configure:4066: $? = 1
configure: failed program was:
| /* confdefs.h */
| #define PACKAGE_NAME ""
| #define PACKAGE_TARNAME ""
| #define PACKAGE_VERSION ""
| #define PACKAGE_STRING ""
| #define PACKAGE_BUGREPORT ""
| #define PACKAGE_URL ""
| /* end confdefs.h.  */
| #include <ac_nonexistent.h>
configure:4095: result: cc -E
configure:4109: cc -E  conftest.c
configure:4109: $? = 0
configure:4125: cc -E  conftest.c
conftest.c:9:10: fatal error: ac_nonexistent.h: No such file or directory
    9 | #include <ac_nonexistent.h>
      |          ^~~~~~~~~~~~~~~~~~
compilation terminated.
configure:4125: $? = 1
configure: failed program was:
| /* confdefs.h */
| #define PACKAGE_NAME ""
| #define PACKAGE_TARNAME ""
| #define PACKAGE_VERSION ""
| #define PACKAGE_STRING ""
| #define PACKAGE_BUGREPORT ""
| #define PACKAGE_URL ""
| /* end confdefs.h.  */
| #include <ac_nonexistent.h>
configure:4158: checking for egrep -e
configure:4288: result: /usr/bin/grep -E
configure:4294: checking for icc
configure:4304: result: no
configure:4319: checking for suncc
configure:4329: result: no
configure:4348: checking for system library directory
configure:4365: result: lib
configure:4372: checking if compiler supports -Wl,-rpath,
configure:4392: cc -o conftest -g -O2   conftest.c -Wl,-rpath,/usr/lib  >&5
configure:4392: $? = 0
configure:4405: result: yes
configure:4529: checking for PHP prefix
configure:4531: result: /usr/local/php84
configure:4533: checking for PHP includes
configure:4535: result: -I/usr/local/php84/include/php -I/usr/local/php84/include/php/main -I/usr/local/php84/include/php/TSRM -I/usr/local/php84/include/php/Zend -I/usr/local/php84/include/php/ext -I/usr/local/php84/include/php/ext/date/lib
configure:4537: checking for PHP extension directory
configure:4539: result: /usr/local/php84/lib/php/extensions/no-debug-non-zts-20240924
configure:4541: checking for PHP installed headers prefix
configure:4543: result: /usr/local/php84/include/php
configure:4546: checking if debugging is enabled
configure:4570: result: no
configure:4573: checking if PHP is built with thread safety (ZTS)
configure:4597: result: no
configure:4674: result: 
configure:4676: result: [1mConfiguring extension[m
configure:4683: checking whether to enable phan_helper support
configure:4724: result: yes, shared
configure:4999: result: 
configure:5001: result: [1mConfiguring libtool[m
configure:5089: checking for a sed that does not truncate output
configure:5145: result: /usr/bin/sed
configure:5161: checking for ld used by cc
configure:5230: result: /usr/bin/ld
configure:5237: checking if the linker (/usr/bin/ld) is GNU ld
configure:5254: result: yes
configure:5259: checking for /usr/bin/ld option to reload object files
configure:5268: result: -r
configure:5286: checking for BSD-compatible nm
configure:5337: result: /usr/bin/nm -B
configure:5341: checking whether ln -s works
configure:5345: result: yes
configure:5352: checking how to recognize dependent libraries
configure:5540: result: pass_all
configure:5625: cc -c -g -O2  conftest.c >&5
configure:5628: $? = 0
configure:5765: checking for stdio.h
configure:5765: cc -c -g -O2  conftest.c >&5
configure:5765: $? = 0
configure:5765: result: yes
configure:5765: checking for stdlib.h
configure:5765: cc -c -g -O2  conftest.c >&5
configure:5765: $? = 0
configure:5765: result: yes
configure:5765: checking for string.h
configure:5765: cc -c -g -O2  conftest.c >&5
configure:5765: $? = 0
configure:5765: result: yes
configure:5765: checking for inttypes.h
configure:5765: cc -c -g -O2  conftest.c >&5
configure:5765: $? = 0
configure:5765: result: yes
configure:5765: checking for stdint.h
configure:5765: cc -c -g -O2  conftest.c >&5
configure:5765: $? = 0
configure:5765: result: yes
configure:5765: checking for strings.h
configure:5765: cc -c -g -O2  conftest.c >&5
configure:5765: $? = 0
configure:5765: result: yes
configure:5765: checking for sys/stat.h
configure:5765: cc -c -g -O2  conftest.c >&5
configure:5765: $? = 0
configure:5765: result: yes
configure:5765: checking for sys/types.h
configure:5765: cc -c -g -O2  conftest.c >&5
configure:5765: $? = 0
configure:5765: result: yes
configure:5765: checking for unistd.h
configure:5765: cc -c -g -O2  conftest.c >&5
configure:5765: $? = 0
configure:5765: result: yes
configure:5790: checking for dlfcn.h
configure:5790: cc -c -g -O2  conftest.c >&5
configure:5790: $? = 0
configure:5790: result: yes
configure:5809: checking the maximum length of command line arguments
configure:5923: result: 1572864
configure:5935: checking command to parse /usr/bin/nm -B output from cc object
configure:6041: cc -c -g -O2  conftest.c >&5
configure:6044: $? = 0
configure:6048: /usr/bin/nm -B conftest.o \| sed -n -e 's/^.*[ 	]\([ABCDGIRSTW][ABCDGIRSTW]*\)[ 	][ 	]*\([_A-Za-z][_A-Za-z0-9]*\)$/\1 \2 \2/p' \> conftest.nm
configure:6051: $? = 0
configure:6103: cc -o conftest -g -O2   conftest.c conftstm.o >&5
configure:6106: $? = 0
configure:6145: result: ok
configure:6149: checking for objdir
configure:6166: result: .libs
configure:6264: checking for ar
configure:6285: found /usr/bin/ar
configure:6297: result: ar
configure:6368: checking for ranlib
configure:6389: found /usr/bin/ranlib
configure:6401: result: ranlib
configure:6472: checking for strip
configure:6493: found /usr/bin/strip
configure:6505: result: strip
configure:7108: checking if cc supports -fno-rtti -fno-exceptions
configure:7127: cc -c -g -O2  -fno-rtti -fno-exceptions conftest.c >&5
cc1: warning: command-line option '-fno-rtti' is valid for C++/D/ObjC++ but not for C
configure:7131: $? = 0
configure:7145: result: no
configure:7160: checking for cc option to produce PIC
configure:7400: result: -fPIC
configure:7408: checking if cc PIC flag -fPIC works
configure:7427: cc -c -g -O2  -fPIC -DPIC conftest.c >&5
configure:7431: $? = 0
configure:7445: result: yes
configure:7473: checking if cc static flag -static works
configure:7503: result: yes
configure:7513: checking if cc supports -c -o file.o
configure:7535: cc -c -g -O2  -o out/conftest2.o conftest.c >&5
configure:7539: $? = 0
configure:7562: result: yes
configure:7588: checking whether the cc linker (/usr/bin/ld -m elf_x86_64) supports shared libraries
configure:8516: result: yes
configure:8537: checking whether -lc should be explicitly linked in
configure:8542: cc -c -g -O2  conftest.c >&5
configure:8545: $? = 0
configure:8560: cc -shared conftest.o  -v -Wl,-soname -Wl,conftest -o conftest 2\>\&1 \| grep  -lc  \>/dev/null 2\>\&1
configure:8563: $? = 0
configure:8575: result: no
configure:8583: checking dynamic linker characteristics
configure:9192: result: GNU/Linux ld.so
configure:9220: checking how to hardcode library paths into programs
configure:9245: result: immediate
configure:9259: checking whether stripping libraries is possible
configure:9264: result: yes
configure:9827: checking if libtool supports shared libraries
configure:9829: result: yes
configure:9832: checking whether to build shared libraries
configure:9853: result: yes
configure:9856: checking whether to build static libraries
configure:9860: result: no
configure:9954: result:
creating libtool
configure:13598: result: 
configure:13600: result: [1mGenerating files[m
configure:13717: creating build directories
configure:13722: creating Makefile
configure:13738: patching config.h.in
configure:13749: creating ./config.status

## ---------------------- ##
## Running config.status. ##
## ---------------------- ##

This file was extended by config.status, which was
generated by GNU Autoconf 2.72.  Invocation command line was

  CONFIG_FILES    = 
  CONFIG_HEADERS  = 
  CONFIG_LINKS    = 
  CONFIG_COMMANDS = 
  $ ./config.status 

on debry

config.status:673: creating config.h
config.status:763: config.h is unchanged

## ---------------- ##
## Cache variables. ##
## ---------------- ##

ac_cv_build=x86_64-pc-linux-gnu
ac_cv_c_compiler_gnu=yes
ac_cv_env_CC_set=
ac_cv_env_CC_value=
ac_cv_env_CFLAGS_set=
ac_cv_env_CFLAGS_value=
ac_cv_env_CPPFLAGS_set=
ac_cv_env_CPPFLAGS_value=
ac_cv_env_CPP_set=
ac_cv_env_CPP_value=
ac_cv_env_LDFLAGS_set=
ac_cv_env_LDFLAGS_value=
ac_cv_env_LIBS_set=
ac_cv_env_LIBS_value=
ac_cv_env_PKG_CONFIG_LIBDIR_set=
ac_cv_env_PKG_CONFIG_LIBDIR_value=
ac_cv_env_PKG_CONFIG_PATH_set=
ac_cv_env_PKG_CONFIG_PATH_value=
ac_cv_env_PKG_CONFIG_set=
ac_cv_env_PKG_CONFIG_value=
ac_cv_env_build_alias_set=
ac_cv_env_build_alias_value=
ac_cv_env_host_alias_set=
ac_cv_env_host_alias_value=
ac_cv_env_target_alias_set=
ac_cv_env_target_alias_value=
ac_cv_header_dlfcn_h=yes
ac_cv_header_inttypes_h=yes
ac_cv_header_stdint_h=yes
ac_cv_header_stdio_h=yes
ac_cv_header_stdlib_h=yes
ac_cv_header_string_h=yes
ac_cv_header_strings_h=yes
ac_cv_header_sys_stat_h=yes
ac_cv_header_sys_types_h=yes
ac_cv_header_unistd_h=yes
ac_cv_host=x86_64-pc-linux-gnu
ac_cv_objext=o
ac_cv_path_EGREP='/usr/bin/grep -E'
ac_cv_path_EGREP_TRADITIONAL='/usr/bin/grep -E'
ac_cv_path_GREP=/usr/bin/grep
ac_cv_path_SED=/usr/bin/sed
ac_cv_path_ac_pt_PKG_CONFIG=/usr/bin/pkg-config
ac_cv_prog_AWK=gawk
ac_cv_prog_CPP='cc -E'
ac_cv_prog_ac_ct_AR=ar
ac_cv_prog_ac_ct_CC=cc
ac_cv_prog_ac_ct_RANLIB=ranlib
ac_cv_prog_ac_ct_STRIP=strip
ac_cv_prog_cc_c11=
ac_cv_prog_cc_g=yes
ac_cv_prog_cc_stdc=
ac_cv_target=x86_64-pc-linux-gnu
lt_cv_deplibs_check_method=pass_all
lt_cv_file_magic_cmd='$MAGIC_CMD'
lt_cv_file_magic_test_file=
lt_cv_ld_reload_flag=-r
lt_cv_objdir=.libs
lt_cv_path_LD=/usr/bin/ld
lt_cv_path_NM='/usr/bin/nm -B'
lt_cv_path_SED=/usr/bin/sed
lt_cv_prog_compiler_c_o=yes
lt_cv_prog_compiler_pic_works=yes
lt_cv_prog_compiler_rtti_exceptions=no
lt_cv_prog_compiler_static_works=yes
lt_cv_prog_gnu_ld=yes
lt_cv_sys_global_symbol_pipe='sed -n -e '\''s/^.*[ 	]\([ABCDGIRSTW][ABCDGIRSTW]*\)[ 	][ 	]*\([_A-Za-z][_A-Za-z0-9]*\)$/\1 \2 \2/p'\'''
lt_cv_sys_global_symbol_to_c_name_address='sed -n -e '\''s/^: \([^ ]*\) $/  {\"\1\", (lt_ptr) 0},/p'\'' -e '\''s/^[BCDEGRST] \([^ ]*\) \([^ ]*\)$/  {"\2", (lt_ptr) \&\2},/p'\'''
lt_cv_sys_global_symbol_to_cdecl='sed -n -e '\''s/^. .* \(.*\)$/extern int \1;/p'\'''
lt_cv_sys_lib_dlsearch_path_spec='/lib /usr/lib /usr/local/cuda/targets/x86_64-linux/lib /opt/amdgpu/lib/x86_64-linux-gnu /opt/amdgpu/lib/i386-linux-gnu /usr/local/cuda-12/targets/x86_64-linux/lib /usr/local/cuda-11/targets/x86_64-linux/lib /usr/lib/x86_64-linux-gnu/fakechroot /usr/lib/x86_64-linux-gnu/libfakeroot /usr/local/cuda-11.7/targets/x86_64-linux/lib /usr/local/cuda-11.8/targets/x86_64-linux/lib /usr/local/cuda-12.1/targets/x86_64-linux/lib /usr/local/lib/i386-linux-gnu /lib/i386-linux-gnu /usr/lib/i386-linux-gnu /usr/local/lib/i686-linux-gnu /lib/i686-linux-gnu /usr/lib/i686-linux-gnu /usr/local/lib /usr/local/lib/x86_64-linux-gnu /lib/x86_64-linux-gnu /usr/lib/x86_64-linux-gnu /lib32 /usr/lib32 '
lt_cv_sys_lib_search_path_spec='/usr/lib/gcc/x86_64-linux-gnu/14 /usr/lib/x86_64-linux-gnu /usr/lib /lib/x86_64-linux-gnu /lib'
lt_cv_sys_max_cmd_len=1572864
lt_lt_cv_prog_compiler_c_o='"yes"'
lt_lt_cv_sys_global_symbol_pipe='"sed -n -e '\''s/^.*[ 	]\\([ABCDGIRSTW][ABCDGIRSTW]*\\)[ 	][ 	]*\\([_A-Za-z][_A-Za-z0-9]*\\)\$/\\1 \\2 \\2/p'\''"'
lt_lt_cv_sys_global_symbol_to_c_name_address='"sed -n -e '\''s/^: \\([^ ]*\\) \$/  {\\\"\\1\\\", (lt_ptr) 0},/p'\'' -e '\''s/^[BCDEGRST] \\([^ ]*\\) \\([^ ]*\\)\$/  {\"\\2\", (lt_ptr) \\&\\2},/p'\''"'
lt_lt_cv_sys_global_symbol_to_cdecl='"sed -n -e '\''s/^. .* \\(.*\\)\$/extern int \\1;/p'\''"'
php_cv_cc_rpath=yes

## ----------------- ##
## Output variables. ##
## ----------------- ##

AR='ar'
AWK='gawk'
BUILD_CC='cc'
CC='cc'
CFLAGS='-g -O2'
CONFIGURE_COMMAND=' '\''./configure'\'' '
CONFIGURE_OPTIONS=''
CPP='cc -E'
CPPFLAGS=' -DHAVE_CONFIG_H'
DEFS='-DHAVE_CONFIG_H'
DSYMUTIL=''
ECHO='echo'
ECHO_C=''
ECHO_N='-n'
ECHO_T=''
EGREP='/usr/bin/grep -E'
EXEEXT=''
GREP='/usr/bin/grep'
LDFLAGS=''
LIBOBJS=''
LIBS=''
LIBTOOL='$(SHELL) $(top_builddir)/libtool'
LN_S='ln -s'
LTLIBOBJS=''
NMEDIT=''
OBJEXT='o'
PACKAGE_BUGREPORT=''
PACKAGE_NAME=''
PACKAGE_STRING=''
PACKAGE_TARNAME=''
PACKAGE_URL=''
PACKAGE_VERSION=''
PATH_SEPARATOR=':'
PKG_CONFIG='/usr/bin/pkg-config'
PKG_CONFIG_LIBDIR=''
PKG_CONFIG_PATH=''
RANLIB='ranlib'
SED='/usr/bin/sed'
SHELL='/bin/bash'
SHLIB_DL_SUFFIX_NAME='so'
SHLIB_SUFFIX_NAME='so'
STRIP='strip'
ac_ct_CC='cc'
bindir='${exec_prefix}/bin'
build='x86_64-pc-linux-gnu'
build_alias=''
build_cpu='x86_64'
build_os='linux-gnu'
build_vendor='pc'
datadir='${datarootdir}'
datarootdir='${prefix}/share'
docdir='${datarootdir}/doc/${PACKAGE}'
dvidir='${docdir}'
exec_prefix='$(prefix)'
host='x86_64-pc-linux-gnu'
host_alias='x86_64-pc-linux-gnu'
host_cpu='x86_64'
host_os='linux-gnu'
host_vendor='pc'
htmldir='${docdir}'
includedir='${prefix}/include'
infodir='${datarootdir}/info'
libdir='${exec_prefix}/lib'
libexecdir='${exec_prefix}/libexec'
localedir='${datarootdir}/locale'
localstatedir='${prefix}/var'
mandir='${datarootdir}/man'
oldincludedir='/usr/include'
pdfdir='${docdir}'
prefix='/usr/local/php84'
program_transform_name='s,x,x,'
psdir='${docdir}'
runstatedir='${localstatedir}/run'
sbindir='${exec_prefix}/sbin'
sharedstatedir='${prefix}/com'
sysconfdir='${prefix}/etc'
target='x86_64-pc-linux-gnu'
target_alias=''
target_cpu='x86_64'
target_os='linux-gnu'
target_vendor='pc'

## ----------- ##
## confdefs.h. ##
## ----------- ##

/* confdefs.h */
#define PACKAGE_NAME ""
#define PACKAGE_TARNAME ""
#define PACKAGE_VERSION ""
#define PACKAGE_STRING ""
#define PACKAGE_BUGREPORT ""
#define PACKAGE_URL ""
#define HAVE_PHAN_HELPER 1
#define COMPILE_DL_PHAN_HELPER 1
#define HAVE_STDIO_H 1
#define HAVE_STDLIB_H 1
#define HAVE_STRING_H 1
#define HAVE_INTTYPES_H 1
#define HAVE_STDINT_H 1
#define HAVE_STRINGS_H 1
#define HAVE_SYS_STAT_H 1
#define HAVE_SYS_TYPES_H 1
#define HAVE_UNISTD_H 1
#define STDC_HEADERS 1
#define HAVE_DLFCN_H 1

configure: exit 0
